Archive member included to satisfy reference by file (symbol)

c:/st/stm32cubeide_1.4.0/stm32cubeide/plugins/com.st.stm32cube.ide.mcu.externaltools.gnu-tools-for-stm32.7-2018-q2-update.win32_1.4.0.202007081208/tools/bin/../lib/gcc/arm-none-eabi/7.3.1/../../../../arm-none-eabi/lib/thumb/v7e-m/fpv5/hard\libc_nano.a(lib_a-errno.o)
                              Core/Src/syscalls.o (__errno)
c:/st/stm32cubeide_1.4.0/stm32cubeide/plugins/com.st.stm32cube.ide.mcu.externaltools.gnu-tools-for-stm32.7-2018-q2-update.win32_1.4.0.202007081208/tools/bin/../lib/gcc/arm-none-eabi/7.3.1/../../../../arm-none-eabi/lib/thumb/v7e-m/fpv5/hard\libc_nano.a(lib_a-exit.o)
                              c:/st/stm32cubeide_1.4.0/stm32cubeide/plugins/com.st.stm32cube.ide.mcu.externaltools.gnu-tools-for-stm32.7-2018-q2-update.win32_1.4.0.202007081208/tools/bin/../lib/gcc/arm-none-eabi/7.3.1/../../../../arm-none-eabi/lib/thumb/v7e-m/fpv5/hard/crt0.o (exit)
c:/st/stm32cubeide_1.4.0/stm32cubeide/plugins/com.st.stm32cube.ide.mcu.externaltools.gnu-tools-for-stm32.7-2018-q2-update.win32_1.4.0.202007081208/tools/bin/../lib/gcc/arm-none-eabi/7.3.1/../../../../arm-none-eabi/lib/thumb/v7e-m/fpv5/hard\libc_nano.a(lib_a-impure.o)
                              c:/st/stm32cubeide_1.4.0/stm32cubeide/plugins/com.st.stm32cube.ide.mcu.externaltools.gnu-tools-for-stm32.7-2018-q2-update.win32_1.4.0.202007081208/tools/bin/../lib/gcc/arm-none-eabi/7.3.1/../../../../arm-none-eabi/lib/thumb/v7e-m/fpv5/hard\libc_nano.a(lib_a-exit.o) (_global_impure_ptr)
c:/st/stm32cubeide_1.4.0/stm32cubeide/plugins/com.st.stm32cube.ide.mcu.externaltools.gnu-tools-for-stm32.7-2018-q2-update.win32_1.4.0.202007081208/tools/bin/../lib/gcc/arm-none-eabi/7.3.1/../../../../arm-none-eabi/lib/thumb/v7e-m/fpv5/hard\libc_nano.a(lib_a-init.o)
                              c:/st/stm32cubeide_1.4.0/stm32cubeide/plugins/com.st.stm32cube.ide.mcu.externaltools.gnu-tools-for-stm32.7-2018-q2-update.win32_1.4.0.202007081208/tools/bin/../lib/gcc/arm-none-eabi/7.3.1/../../../../arm-none-eabi/lib/thumb/v7e-m/fpv5/hard/crt0.o (__libc_init_array)
c:/st/stm32cubeide_1.4.0/stm32cubeide/plugins/com.st.stm32cube.ide.mcu.externaltools.gnu-tools-for-stm32.7-2018-q2-update.win32_1.4.0.202007081208/tools/bin/../lib/gcc/arm-none-eabi/7.3.1/../../../../arm-none-eabi/lib/thumb/v7e-m/fpv5/hard\libc_nano.a(lib_a-memset.o)
                              c:/st/stm32cubeide_1.4.0/stm32cubeide/plugins/com.st.stm32cube.ide.mcu.externaltools.gnu-tools-for-stm32.7-2018-q2-update.win32_1.4.0.202007081208/tools/bin/../lib/gcc/arm-none-eabi/7.3.1/../../../../arm-none-eabi/lib/thumb/v7e-m/fpv5/hard/crt0.o (memset)
c:/st/stm32cubeide_1.4.0/stm32cubeide/plugins/com.st.stm32cube.ide.mcu.externaltools.gnu-tools-for-stm32.7-2018-q2-update.win32_1.4.0.202007081208/tools/bin/../lib/gcc/arm-none-eabi/7.3.1/../../../../arm-none-eabi/lib/thumb/v7e-m/fpv5/hard\libm.a(lib_a-s_sin.o)
                              Core/Src/main.o (sin)
c:/st/stm32cubeide_1.4.0/stm32cubeide/plugins/com.st.stm32cube.ide.mcu.externaltools.gnu-tools-for-stm32.7-2018-q2-update.win32_1.4.0.202007081208/tools/bin/../lib/gcc/arm-none-eabi/7.3.1/../../../../arm-none-eabi/lib/thumb/v7e-m/fpv5/hard\libm.a(lib_a-w_exp.o)
                              Core/Src/main.o (exp)
c:/st/stm32cubeide_1.4.0/stm32cubeide/plugins/com.st.stm32cube.ide.mcu.externaltools.gnu-tools-for-stm32.7-2018-q2-update.win32_1.4.0.202007081208/tools/bin/../lib/gcc/arm-none-eabi/7.3.1/../../../../arm-none-eabi/lib/thumb/v7e-m/fpv5/hard\libm.a(lib_a-w_log.o)
                              Core/Src/main.o (log)
c:/st/stm32cubeide_1.4.0/stm32cubeide/plugins/com.st.stm32cube.ide.mcu.externaltools.gnu-tools-for-stm32.7-2018-q2-update.win32_1.4.0.202007081208/tools/bin/../lib/gcc/arm-none-eabi/7.3.1/../../../../arm-none-eabi/lib/thumb/v7e-m/fpv5/hard\libm.a(lib_a-w_pow.o)
                              Core/Src/main.o (pow)
c:/st/stm32cubeide_1.4.0/stm32cubeide/plugins/com.st.stm32cube.ide.mcu.externaltools.gnu-tools-for-stm32.7-2018-q2-update.win32_1.4.0.202007081208/tools/bin/../lib/gcc/arm-none-eabi/7.3.1/../../../../arm-none-eabi/lib/thumb/v7e-m/fpv5/hard\libm.a(lib_a-e_exp.o)
                              c:/st/stm32cubeide_1.4.0/stm32cubeide/plugins/com.st.stm32cube.ide.mcu.externaltools.gnu-tools-for-stm32.7-2018-q2-update.win32_1.4.0.202007081208/tools/bin/../lib/gcc/arm-none-eabi/7.3.1/../../../../arm-none-eabi/lib/thumb/v7e-m/fpv5/hard\libm.a(lib_a-w_exp.o) (__ieee754_exp)
c:/st/stm32cubeide_1.4.0/stm32cubeide/plugins/com.st.stm32cube.ide.mcu.externaltools.gnu-tools-for-stm32.7-2018-q2-update.win32_1.4.0.202007081208/tools/bin/../lib/gcc/arm-none-eabi/7.3.1/../../../../arm-none-eabi/lib/thumb/v7e-m/fpv5/hard\libm.a(lib_a-e_log.o)
[...]
Memory Configuration

Name             Origin             Length             Attributes
DTCMRAM          0x0000000020000000 0x0000000000020000 xrw
ITCMRAM          0x0000000000000000 0x0000000000010000 xrw
RAM_D1           0x0000000024000000 0x0000000000080000 xrw
RAM_D2           0x0000000030000000 0x0000000000048000 xrw
RAM_D3           0x0000000038000000 0x0000000000010000 xrw
FLASH            0x0000000008000000 0x0000000000200000 xr
*default*        0x0000000000000000 0xffffffffffffffff

Linker script and memory map

LOAD c:/st/stm32cubeide_1.4.0/stm32cubeide/plugins/com.st.stm32cube.ide.mcu.externaltools.gnu-tools-for-stm32.7-2018-q2-update.win32_1.4.0.202007081208/tools/bin/../lib/gcc/arm-none-eabi/7.3.1/thumb/v7e-m/fpv5/hard/crti.o
LOAD c:/st/stm32cubeide_1.4.0/stm32cubeide/plugins/com.st.stm32cube.ide.mcu.externaltools.gnu-tools-for-stm32.7-2018-q2-update.win32_1.4.0.202007081208/tools/bin/../lib/gcc/arm-none-eabi/7.3.1/thumb/v7e-m/fpv5/hard/crtbegin.o
LOAD c:/st/stm32cubeide_1.4.0/stm32cubeide/plugins/com.st.stm32cube.ide.mcu.externaltools.gnu-tools-for-stm32.7-2018-q2-update.win32_1.4.0.202007081208/tools/bin/../lib/gcc/arm-none-eabi/7.3.1/../../../../arm-none-eabi/lib/thumb/v7e-m/fpv5/hard/crt0.o
LOAD Core/Src/main.o
LOAD Core/Src/stm32h7xx_hal_msp.o
LOAD Core/Src/stm32h7xx_it.o
LOAD Core/Src/syscalls.o
LOAD Core/Src/sysmem.o
LOAD Core/Src/system_stm32h7xx.o
LOAD Core/Startup/startup_stm32h743vitx.o
LOAD Drivers/STM32H7xx_HAL_Driver/Src/stm32h7xx_hal.o
LOAD Drivers/STM32H7xx_HAL_Driver/Src/stm32h7xx_hal_cortex.o
LOAD Drivers/STM32H7xx_HAL_Driver/Src/stm32h7xx_hal_dac.o
LOAD Drivers/STM32H7xx_HAL_Driver/Src/stm32h7xx_hal_dac_ex.o
LOAD Drivers/STM32H7xx_HAL_Driver/Src/stm32h7xx_hal_dma.o
LOAD Drivers/STM32H7xx_HAL_Driver/Src/stm32h7xx_hal_dma_ex.o
LOAD Drivers/STM32H7xx_HAL_Driver/Src/stm32h7xx_hal_exti.o
LOAD Drivers/STM32H7xx_HAL_Driver/Src/stm32h7xx_hal_flash.o
LOAD Drivers/STM32H7xx_HAL_Driver/Src/stm32h7xx_hal_flash_ex.o
LOAD Drivers/STM32H7xx_HAL_Driver/Src/stm32h7xx_hal_gpio.o
LOAD Drivers/STM32H7xx_HAL_Driver/Src/stm32h7xx_hal_hsem.o
LOAD Drivers/STM32H7xx_HAL_Driver/Src/stm32h7xx_hal_i2c.o
LOAD Drivers/STM32H7xx_HAL_Driver/Src/stm32h7xx_hal_i2c_ex.o
LOAD Drivers/STM32H7xx_HAL_Driver/Src/stm32h7xx_hal_mdma.o
LOAD Drivers/STM32H7xx_HAL_Driver/Src/stm32h7xx_hal_pwr.o
LOAD Drivers/STM32H7xx_HAL_Driver/Src/stm32h7xx_hal_pwr_ex.o
LOAD Drivers/STM32H7xx_HAL_Driver/Src/stm32h7xx_hal_rcc.o
LOAD Drivers/STM32H7xx_HAL_Driver/Src/stm32h7xx_hal_rcc_ex.o
LOAD Drivers/STM32H7xx_HAL_Driver/Src/stm32h7xx_hal_sd.o
LOAD Drivers/STM32H7xx_HAL_Driver/Src/stm32h7xx_hal_sd_ex.o
LOAD Drivers/STM32H7xx_HAL_Driver/Src/stm32h7xx_hal_tim.o
LOAD Drivers/STM32H7xx_HAL_Driver/Src/stm32h7xx_hal_tim_ex.o
LOAD Drivers/STM32H7xx_HAL_Driver/Src/stm32h7xx_ll_delayblock.o
LOAD Drivers/STM32H7xx_HAL_Driver/Src/stm32h7xx_ll_sdmmc.o
LOAD FATFS/App/fatfs.o
LOAD FATFS/Target/bsp_driver_sd.o
LOAD FATFS/Target/sd_diskio.o
LOAD Middlewares/Third_Party/FatFs/src/diskio.o
LOAD Middlewares/Third_Party/FatFs/src/ff.o
LOAD Middlewares/Third_Party/FatFs/src/ff_gen_drv.o
LOAD Middlewares/Third_Party/FatFs/src/option/syscall.o
START GROUP
LOAD c:/st/stm32cubeide_1.4.0/stm32cubeide/plugins/com.st.stm32cube.ide.mcu.externaltools.gnu-tools-for-stm32.7-2018-q2-update.win32_1.4.0.202007081208/tools/bin/../lib/gcc/arm-none-eabi/7.3.1/../../../../arm-none-eabi/lib/thumb/v7e-m/fpv5/hard\libc_nano.a
LOAD c:/st/stm32cubeide_1.4.0/stm32cubeide/plugins/com.st.stm32cube.ide.mcu.externaltools.gnu-tools-for-stm32.7-2018-q2-update.win32_1.4.0.202007081208/tools/bin/../lib/gcc/arm-none-eabi/7.3.1/../../../../arm-none-eabi/lib/thumb/v7e-m/fpv5/hard\libm.a
END GROUP
START GROUP
LOAD c:/st/stm32cubeide_1.4.0/stm32cubeide/plugins/com.st.stm32cube.ide.mcu.externaltools.gnu-tools-for-stm32.7-2018-q2-update.win32_1.4.0.202007081208/tools/bin/../lib/gcc/arm-none-eabi/7.3.1/thumb/v7e-m/fpv5/hard\libgcc.a
LOAD c:/st/stm32cubeide_1.4.0/stm32cubeide/plugins/com.st.stm32cube.ide.mcu.externaltools.gnu-tools-for-stm32.7-2018-q2-update.win32_1.4.0.202007081208/tools/bin/../lib/gcc/arm-none-eabi/7.3.1/../../../../arm-none-eabi/lib/thumb/v7e-m/fpv5/hard\libc_nano.a
END GROUP
START GROUP
LOAD c:/st/stm32cubeide_1.4.0/stm32cubeide/plugins/com.st.stm32cube.ide.mcu.externaltools.gnu-tools-for-stm32.7-2018-q2-update.win32_1.4.0.202007081208/tools/bin/../lib/gcc/arm-none-eabi/7.3.1/thumb/v7e-m/fpv5/hard\libgcc.a
LOAD c:/st/stm32cubeide_1.4.0/stm32cubeide/plugins/com.st.stm32cube.ide.mcu.externaltools.gnu-tools-for-stm32.7-2018-q2-update.win32_1.4.0.202007081208/tools/bin/../lib/gcc/arm-none-eabi/7.3.1/../../../../arm-none-eabi/lib/thumb/v7e-m/fpv5/hard\libc_nano.a
LOAD c:/st/stm32cubeide_1.4.0/stm32cubeide/plugins/com.st.stm32cube.ide.mcu.externaltools.gnu-tools-for-stm32.7-2018-q2-update.win32_1.4.0.202007081208/tools/bin/../lib/gcc/arm-none-eabi/7.3.1/../../../../arm-none-eabi/lib/thumb/v7e-m/fpv5/hard\libnosys.a
END GROUP
START GROUP
LOAD c:/st/stm32cubeide_1.4.0/stm32cubeide/plugins/com.st.stm32cube.ide.mcu.externaltools.gnu-tools-for-stm32.7-2018-q2-update.win32_1.4.0.202007081208/tools/bin/../lib/gcc/arm-none-eabi/7.3.1/thumb/v7e-m/fpv5/hard\libgcc.a
LOAD c:/st/stm32cubeide_1.4.0/stm32cubeide/plugins/com.st.stm32cube.ide.mcu.externaltools.gnu-tools-for-stm32.7-2018-q2-update.win32_1.4.0.202007081208/tools/bin/../lib/gcc/arm-none-eabi/7.3.1/../../../../arm-none-eabi/lib/thumb/v7e-m/fpv5/hard\libc_nano.a
LOAD c:/st/stm32cubeide_1.4.0/stm32cubeide/plugins/com.st.stm32cube.ide.mcu.externaltools.gnu-tools-for-stm32.7-2018-q2-update.win32_1.4.0.202007081208/tools/bin/../lib/gcc/arm-none-eabi/7.3.1/../../../../arm-none-eabi/lib/thumb/v7e-m/fpv5/hard\libnosys.a
END GROUP
LOAD c:/st/stm32cubeide_1.4.0/stm32cubeide/plugins/com.st.stm32cube.ide.mcu.externaltools.gnu-tools-for-stm32.7-2018-q2-update.win32_1.4.0.202007081208/tools/bin/../lib/gcc/arm-none-eabi/7.3.1/thumb/v7e-m/fpv5/hard/crtend.o
LOAD c:/st/stm32cubeide_1.4.0/stm32cubeide/plugins/com.st.stm32cube.ide.mcu.externaltools.gnu-tools-for-stm32.7-2018-q2-update.win32_1.4.0.202007081208/tools/bin/../lib/gcc/arm-none-eabi/7.3.1/thumb/v7e-m/fpv5/hard/crtn.o
                0x0000000024080000                _estack = (ORIGIN (RAM_D1) + LENGTH (RAM_D1))
                0x0000000000000200                _Min_Heap_Size = 0x200
                0x0000000000000400                _Min_Stack_Size = 0x400

.isr_vector     0x0000000008000000      0x298
                0x0000000008000000                . = ALIGN (0x4)
 *(.isr_vector)
 .isr_vector    0x0000000008000000      0x298 Core/Startup/startup_stm32h743vitx.o
                0x0000000008000000                g_pfnVectors
                0x0000000008000298                . = ALIGN (0x4)

.text           0x0000000008000298     0x85ec
                0x0000000008000298                . = ALIGN (0x4)
 *(.text)
 .text          0x0000000008000298       0x40 c:/st/stm32cubeide_1.4.0/stm32cubeide/plugins/com.st.stm32cube.ide.mcu.externaltools.gnu-tools-for-stm32.7-2018-q2-update.win32_1.4.0.202007081208/tools/bin/../lib/gcc/arm-none-eabi/7.3.1/thumb/v7e-m/fpv5/hard/crtbegin.o
 *(.text*)
 .text.main     0x00000000080002d8      0x3d8 Core/Src/main.o
                0x00000000080002d8                main
 .text.SystemClock_Config
                0x00000000080006b0      0x168 Core/Src/main.o
                0x00000000080006b0                SystemClock_Config
 .text.MX_DAC1_Init
                0x0000000008000818       0x7c Core/Src/main.o
 .text.MX_SDMMC1_SD_Init
                0x0000000008000894       0x44 Core/Src/main.o
 .text.MX_GPIO_Init
                0x00000000080008d8       0xa8 Core/Src/main.o
 .text.Error_Handler
                0x0000000008000980        0xe Core/Src/main.o
                0x0000000008000980                Error_Handler
 *fill*         0x000000000800098e        0x2 
 .text.HAL_MspInit
                0x0000000008000990       0x34 Core/Src/stm32h7xx_hal_msp.o
                0x0000000008000990                HAL_MspInit
 .text.HAL_DAC_MspInit
                0x00000000080009c4       0x8c Core/Src/stm32h7xx_hal_msp.o
                0x00000000080009c4                HAL_DAC_MspInit
 .text.HAL_SD_MspInit
                0x0000000008000a50       0xd8 Core/Src/stm32h7xx_hal_msp.o
                0x0000000008000a50                HAL_SD_MspInit
 .text.NMI_Handler
                0x0000000008000b28        0xe Core/Src/stm32h7xx_it.o
                0x0000000008000b28                NMI_Handler
 .text.HardFault_Handler
                0x0000000008000b36        0x6 Core/Src/stm32h7xx_it.o
                0x0000000008000b36                HardFault_Handler
 .text.MemManage_Handler
                0x0000000008000b3c        0x6 Core/Src/stm32h7xx_it.o
                0x0000000008000b3c                MemManage_Handler
 .text.BusFault_Handler
                0x0000000008000b42        0x6 Core/Src/stm32h7xx_it.o
                0x0000000008000b42                BusFault_Handler
 .text.UsageFault_Handler
                0x0000000008000b48        0x6 Core/Src/stm32h7xx_it.o
                0x0000000008000b48                UsageFault_Handler
 .text.SVC_Handler
                0x0000000008000b4e        0xe Core/Src/stm32h7xx_it.o
                0x0000000008000b4e                SVC_Handler
 .text.DebugMon_Handler
                0x0000000008000b5c        0xe Core/Src/stm32h7xx_it.o
                0x0000000008000b5c                DebugMon_Handler
 .text.PendSV_Handler
                0x0000000008000b6a        0xe Core/Src/stm32h7xx_it.o
                0x0000000008000b6a                PendSV_Handler
 .text.SysTick_Handler
                0x0000000008000b78        0xc Core/Src/stm32h7xx_it.o
                0x0000000008000b78                SysTick_Handler
 .text.SystemInit
                0x0000000008000b84      0x118 Core/Src/system_stm32h7xx.o
                0x0000000008000b84                SystemInit
 .text.Reset_Handler
                0x0000000008000c9c       0x50 Core/Startup/startup_stm32h743vitx.o
                0x0000000008000c9c                Reset_Handler
 .text.Default_Handler
                0x0000000008000cec        0x2 Core/Startup/startup_stm32h743vitx.o
                0x0000000008000cec                RTC_Alarm_IRQHandler
                0x0000000008000cec                EXTI2_IRQHandler
                0x0000000008000cec                TIM8_CC_IRQHandler
                0x0000000008000cec                HRTIM1_Master_IRQHandler
                0x0000000008000cec                UART8_IRQHandler
                0x0000000008000cec                SPI4_IRQHandler
                0x0000000008000cec                TIM1_CC_IRQHandler
                0x0000000008000cec                BDMA_Channel6_IRQHandler
                0x0000000008000cec                DMA2_Stream5_IRQHandler
                0x0000000008000cec                HRTIM1_FLT_IRQHandler
                0x0000000008000cec                JPEG_IRQHandler
                0x0000000008000cec                DMA1_Stream5_IRQHandler
                0x0000000008000cec                BDMA_Channel1_IRQHandler
                0x0000000008000cec                HRTIM1_TIMD_IRQHandler
                0x0000000008000cec                TAMP_STAMP_IRQHandler
                0x0000000008000cec                EXTI3_IRQHandler
                0x0000000008000cec                LPTIM4_IRQHandler
                0x0000000008000cec                TIM8_TRG_COM_TIM14_IRQHandler
                0x0000000008000cec                LPTIM2_IRQHandler
                0x0000000008000cec                DFSDM1_FLT1_IRQHandler
                0x0000000008000cec                DMAMUX2_OVR_IRQHandler
                0x0000000008000cec                TIM8_UP_TIM13_IRQHandler
                0x0000000008000cec                I2C3_ER_IRQHandler
                0x0000000008000cec                DFSDM1_FLT2_IRQHandler
                0x0000000008000cec                MDMA_IRQHandler
                0x0000000008000cec                LPTIM3_IRQHandler
                0x0000000008000cec                HSEM1_IRQHandler
                0x0000000008000cec                EXTI0_IRQHandler
                0x0000000008000cec                I2C2_EV_IRQHandler
                0x0000000008000cec                DMA1_Stream2_IRQHandler
                0x0000000008000cec                FPU_IRQHandler
                0x0000000008000cec                OTG_HS_WKUP_IRQHandler
                0x0000000008000cec                FDCAN1_IT1_IRQHandler
                0x0000000008000cec                LTDC_ER_IRQHandler
                0x0000000008000cec                DMA2_Stream2_IRQHandler
                0x0000000008000cec                HRTIM1_TIME_IRQHandler
                0x0000000008000cec                SPI1_IRQHandler
                0x0000000008000cec                TIM6_DAC_IRQHandler
                0x0000000008000cec                DCMI_IRQHandler
                0x0000000008000cec                HRTIM1_TIMC_IRQHandler
                0x0000000008000cec                DMA2_Stream3_IRQHandler
                0x0000000008000cec                SAI2_IRQHandler
                0x0000000008000cec                DFSDM1_FLT3_IRQHandler
                0x0000000008000cec                USART6_IRQHandler
                0x0000000008000cec                TIM17_IRQHandler
                0x0000000008000cec                USART3_IRQHandler
                0x0000000008000cec                BDMA_Channel7_IRQHandler
                0x0000000008000cec                LPTIM5_IRQHandler
                0x0000000008000cec                UART5_IRQHandler
                0x0000000008000cec                ADC3_IRQHandler
                0x0000000008000cec                DMA2_Stream0_IRQHandler
                0x0000000008000cec                TIM4_IRQHandler
                0x0000000008000cec                BDMA_Channel2_IRQHandler
                0x0000000008000cec                QUADSPI_IRQHandler
                0x0000000008000cec                I2C1_EV_IRQHandler
                0x0000000008000cec                DMA1_Stream6_IRQHandler
                0x0000000008000cec                DMAMUX1_OVR_IRQHandler
                0x0000000008000cec                DMA1_Stream1_IRQHandler
                0x0000000008000cec                TIM16_IRQHandler
                0x0000000008000cec                UART4_IRQHandler
                0x0000000008000cec                BDMA_Channel5_IRQHandler
                0x0000000008000cec                TIM3_IRQHandler
                0x0000000008000cec                RCC_IRQHandler
                0x0000000008000cec                TIM8_BRK_TIM12_IRQHandler
                0x0000000008000cec                TIM1_TRG_COM_IRQHandler
                0x0000000008000cec                Default_Handler
                0x0000000008000cec                ECC_IRQHandler
                0x0000000008000cec                CEC_IRQHandler
                0x0000000008000cec                EXTI15_10_IRQHandler
                0x0000000008000cec                BDMA_Channel0_IRQHandler
                0x0000000008000cec                ADC_IRQHandler
                0x0000000008000cec                DMA1_Stream7_IRQHandler
                0x0000000008000cec                HRTIM1_TIMA_IRQHandler
                0x0000000008000cec                SPI5_IRQHandler
                0x0000000008000cec                TIM7_IRQHandler
                0x0000000008000cec                SDMMC1_IRQHandler
                0x0000000008000cec                TIM5_IRQHandler
                0x0000000008000cec                DMA2_Stream7_IRQHandler
                0x0000000008000cec                TIM15_IRQHandler
                0x0000000008000cec                PVD_AVD_IRQHandler
                0x0000000008000cec                I2C3_EV_IRQHandler
                0x0000000008000cec                EXTI9_5_IRQHandler
                0x0000000008000cec                RTC_WKUP_IRQHandler
                0x0000000008000cec                LTDC_IRQHandler
                0x0000000008000cec                SAI3_IRQHandler
                0x0000000008000cec                ETH_WKUP_IRQHandler
                0x0000000008000cec                SPDIF_RX_IRQHandler
                0x0000000008000cec                SPI2_IRQHandler
                0x0000000008000cec                OTG_HS_EP1_IN_IRQHandler
                0x0000000008000cec                DMA1_Stream0_IRQHandler
                0x0000000008000cec                CRS_IRQHandler
                0x0000000008000cec                EXTI4_IRQHandler
                0x0000000008000cec                RNG_IRQHandler
                0x0000000008000cec                HRTIM1_TIMB_IRQHandler
                0x0000000008000cec                FDCAN2_IT1_IRQHandler
                0x0000000008000cec                ETH_IRQHandler
                0x0000000008000cec                TIM1_UP_IRQHandler
                0x0000000008000cec                BDMA_Channel4_IRQHandler
                0x0000000008000cec                OTG_HS_EP1_OUT_IRQHandler
                0x0000000008000cec                WWDG_IRQHandler
                0x0000000008000cec                SPI6_IRQHandler
                0x0000000008000cec                MDIOS_IRQHandler
                0x0000000008000cec                I2C4_EV_IRQHandler
                0x0000000008000cec                FDCAN2_IT0_IRQHandler
                0x0000000008000cec                LPUART1_IRQHandler
                0x0000000008000cec                FDCAN1_IT0_IRQHandler
                0x0000000008000cec                TIM2_IRQHandler
                0x0000000008000cec                OTG_FS_WKUP_IRQHandler
                0x0000000008000cec                OTG_HS_IRQHandler
                0x0000000008000cec                DMA2D_IRQHandler
                0x0000000008000cec                TIM1_BRK_IRQHandler
                0x0000000008000cec                EXTI1_IRQHandler
                0x0000000008000cec                SDMMC2_IRQHandler
                0x0000000008000cec                OTG_FS_EP1_OUT_IRQHandler
                0x0000000008000cec                BDMA_Channel3_IRQHandler
                0x0000000008000cec                UART7_IRQHandler
                0x0000000008000cec                MDIOS_WKUP_IRQHandler
                0x0000000008000cec                USART2_IRQHandler
                0x0000000008000cec                DFSDM1_FLT0_IRQHandler
                0x0000000008000cec                SAI4_IRQHandler
                0x0000000008000cec                I2C2_ER_IRQHandler
                0x0000000008000cec                DMA2_Stream1_IRQHandler
                0x0000000008000cec                FLASH_IRQHandler
                0x0000000008000cec                DMA2_Stream4_IRQHandler
                0x0000000008000cec                USART1_IRQHandler
                0x0000000008000cec                OTG_FS_IRQHandler
                0x0000000008000cec                SPI3_IRQHandler
                0x0000000008000cec                WAKEUP_PIN_IRQHandler
                0x0000000008000cec                DMA1_Stream4_IRQHandler
                0x0000000008000cec                OTG_FS_EP1_IN_IRQHandler
                0x0000000008000cec                I2C1_ER_IRQHandler
                0x0000000008000cec                FMC_IRQHandler
                0x0000000008000cec                FDCAN_CAL_IRQHandler
                0x0000000008000cec                SWPMI1_IRQHandler
                0x0000000008000cec                COMP1_IRQHandler
                0x0000000008000cec                LPTIM1_IRQHandler
                0x0000000008000cec                I2C4_ER_IRQHandler
                0x0000000008000cec                DMA2_Stream6_IRQHandler
                0x0000000008000cec                SAI1_IRQHandler
                0x0000000008000cec                DMA1_Stream3_IRQHandler
 *fill*         0x0000000008000cee        0x2 
 .text.HAL_Init
                0x0000000008000cf0       0x78 Drivers/STM32H7xx_HAL_Driver/Src/stm32h7xx_hal.o
                0x0000000008000cf0                HAL_Init
 .text.HAL_InitTick
                0x0000000008000d68       0x6c Drivers/STM32H7xx_HAL_Driver/Src/stm32h7xx_hal.o
                0x0000000008000d68                HAL_InitTick
 .text.HAL_IncTick
                0x0000000008000dd4       0x28 Drivers/STM32H7xx_HAL_Driver/Src/stm32h7xx_hal.o
                0x0000000008000dd4                HAL_IncTick
 .text.HAL_GetTick
                0x0000000008000dfc       0x18 Drivers/STM32H7xx_HAL_Driver/Src/stm32h7xx_hal.o
                0x0000000008000dfc                HAL_GetTick
 .text.HAL_Delay
                0x0000000008000e14       0x44 Drivers/STM32H7xx_HAL_Driver/Src/stm32h7xx_hal.o
                0x0000000008000e14                HAL_Delay
 .text.HAL_GetREVID
                0x0000000008000e58       0x18 Drivers/STM32H7xx_HAL_Driver/Src/stm32h7xx_hal.o
                0x0000000008000e58                HAL_GetREVID
 .text.__NVIC_SetPriorityGrouping
                0x0000000008000e70       0x48 Drivers/STM32H7xx_HAL_Driver/Src/stm32h7xx_hal_cortex.o
 .text.__NVIC_GetPriorityGrouping
                0x0000000008000eb8       0x1c Drivers/STM32H7xx_HAL_Driver/Src/stm32h7xx_hal_cortex.o
 .text.__NVIC_SetPriority
                0x0000000008000ed4       0x54 Drivers/STM32H7xx_HAL_Driver/Src/stm32h7xx_hal_cortex.o
 .text.NVIC_EncodePriority
                0x0000000008000f28       0x66 Drivers/STM32H7xx_HAL_Driver/Src/stm32h7xx_hal_cortex.o
 *fill*         0x0000000008000f8e        0x2 
 .text.SysTick_Config
                0x0000000008000f90       0x44 Drivers/STM32H7xx_HAL_Driver/Src/stm32h7xx_hal_cortex.o
 .text.HAL_NVIC_SetPriorityGrouping
                0x0000000008000fd4       0x16 Drivers/STM32H7xx_HAL_Driver/Src/stm32h7xx_hal_cortex.o
                0x0000000008000fd4                HAL_NVIC_SetPriorityGrouping
 .text.HAL_NVIC_SetPriority
                0x0000000008000fea       0x34 Drivers/STM32H7xx_HAL_Driver/Src/stm32h7xx_hal_cortex.o
                0x0000000008000fea                HAL_NVIC_SetPriority
 .text.HAL_SYSTICK_Config
                0x000000000800101e       0x18 Drivers/STM32H7xx_HAL_Driver/Src/stm32h7xx_hal_cortex.o
                0x000000000800101e                HAL_SYSTICK_Config
 .text.HAL_DAC_Init
                0x0000000008001036       0x44 Drivers/STM32H7xx_HAL_Driver/Src/stm32h7xx_hal_dac.o
                0x0000000008001036                HAL_DAC_Init
 .text.HAL_DAC_Start
                0x000000000800107a       0xa4 Drivers/STM32H7xx_HAL_Driver/Src/stm32h7xx_hal_dac.o
                0x000000000800107a                HAL_DAC_Start
 .text.HAL_DAC_SetValue
                0x000000000800111e       0x4a Drivers/STM32H7xx_HAL_Driver/Src/stm32h7xx_hal_dac.o
                0x000000000800111e                HAL_DAC_SetValue
 .text.HAL_DAC_ConfigChannel
                0x0000000008001168      0x260 Drivers/STM32H7xx_HAL_Driver/Src/stm32h7xx_hal_dac.o
                0x0000000008001168                HAL_DAC_ConfigChannel
 .text.HAL_GPIO_Init
                0x00000000080013c8      0x360 Drivers/STM32H7xx_HAL_Driver/Src/stm32h7xx_hal_gpio.o
                0x00000000080013c8                HAL_GPIO_Init
 .text.HAL_GPIO_WritePin
                0x0000000008001728       0x32 Drivers/STM32H7xx_HAL_Driver/Src/stm32h7xx_hal_gpio.o
                0x0000000008001728                HAL_GPIO_WritePin
 .text.HAL_GPIO_TogglePin
                0x000000000800175a       0x36 Drivers/STM32H7xx_HAL_Driver/Src/stm32h7xx_hal_gpio.o
                0x000000000800175a                HAL_GPIO_TogglePin
 .text.HAL_PWREx_ConfigSupply
                0x0000000008001790       0x74 Drivers/STM32H7xx_HAL_Driver/Src/stm32h7xx_hal_pwr_ex.o
                0x0000000008001790                HAL_PWREx_ConfigSupply
 .text.HAL_RCC_OscConfig
                0x0000000008001804      0x820 Drivers/STM32H7xx_HAL_Driver/Src/stm32h7xx_hal_rcc.o
                0x0000000008001804                HAL_RCC_OscConfig
 .text.HAL_RCC_ClockConfig
                0x0000000008002024      0x36c Drivers/STM32H7xx_HAL_Driver/Src/stm32h7xx_hal_rcc.o
                0x0000000008002024                HAL_RCC_ClockConfig
 .text.HAL_RCC_GetSysClockFreq
                0x0000000008002390      0x2e4 Drivers/STM32H7xx_HAL_Driver/Src/stm32h7xx_hal_rcc.o
                0x0000000008002390                HAL_RCC_GetSysClockFreq
 .text.HAL_RCC_GetHCLKFreq
                0x0000000008002674       0x60 Drivers/STM32H7xx_HAL_Driver/Src/stm32h7xx_hal_rcc.o
                0x0000000008002674                HAL_RCC_GetHCLKFreq
 .text.HAL_RCCEx_PeriphCLKConfig
                0x00000000080026d4      0xddc Drivers/STM32H7xx_HAL_Driver/Src/stm32h7xx_hal_rcc_ex.o
                0x00000000080026d4                HAL_RCCEx_PeriphCLKConfig
 .text.HAL_RCCEx_GetPeriphCLKFreq
                0x00000000080034b0      0x4f0 Drivers/STM32H7xx_HAL_Driver/Src/stm32h7xx_hal_rcc_ex.o
                0x00000000080034b0                HAL_RCCEx_GetPeriphCLKFreq
 .text.HAL_RCCEx_GetD3PCLK1Freq
                0x00000000080039a0       0x2c Drivers/STM32H7xx_HAL_Driver/Src/stm32h7xx_hal_rcc_ex.o
                0x00000000080039a0                HAL_RCCEx_GetD3PCLK1Freq
 .text.HAL_RCCEx_GetPLL2ClockFreq
                0x00000000080039cc      0x298 Drivers/STM32H7xx_HAL_Driver/Src/stm32h7xx_hal_rcc_ex.o
                0x00000000080039cc                HAL_RCCEx_GetPLL2ClockFreq
 .text.HAL_RCCEx_GetPLL3ClockFreq
                0x0000000008003c64      0x298 Drivers/STM32H7xx_HAL_Driver/Src/stm32h7xx_hal_rcc_ex.o
                0x0000000008003c64                HAL_RCCEx_GetPLL3ClockFreq
 .text.HAL_RCCEx_GetPLL1ClockFreq
                0x0000000008003efc      0x298 Drivers/STM32H7xx_HAL_Driver/Src/stm32h7xx_hal_rcc_ex.o
                0x0000000008003efc                HAL_RCCEx_GetPLL1ClockFreq
 .text.RCCEx_PLL2_Config
                0x0000000008004194      0x164 Drivers/STM32H7xx_HAL_Driver/Src/stm32h7xx_hal_rcc_ex.o
 .text.RCCEx_PLL3_Config
                0x00000000080042f8      0x164 Drivers/STM32H7xx_HAL_Driver/Src/stm32h7xx_hal_rcc_ex.o
 .text.HAL_SD_Init
                0x000000000800445c      0x114 Drivers/STM32H7xx_HAL_Driver/Src/stm32h7xx_hal_sd.o
                0x000000000800445c                HAL_SD_Init
 .text.HAL_SD_InitCard
                0x0000000008004570      0x134 Drivers/STM32H7xx_HAL_Driver/Src/stm32h7xx_hal_sd.o
                0x0000000008004570                HAL_SD_InitCard
 .text.HAL_SD_ReadBlocks
                0x00000000080046a4      0x314 Drivers/STM32H7xx_HAL_Driver/Src/stm32h7xx_hal_sd.o
                0x00000000080046a4                HAL_SD_ReadBlocks
 .text.HAL_SD_WriteBlocks
                0x00000000080049b8      0x31c Drivers/STM32H7xx_HAL_Driver/Src/stm32h7xx_hal_sd.o
                0x00000000080049b8                HAL_SD_WriteBlocks
 .text.HAL_SD_DriveTransceiver_1_8V_Callback
                0x0000000008004cd4       0x16 Drivers/STM32H7xx_HAL_Driver/Src/stm32h7xx_hal_sd.o
                0x0000000008004cd4                HAL_SD_DriveTransceiver_1_8V_Callback
 *fill*         0x0000000008004cea        0x2 
 .text.HAL_SD_GetCardCSD
                0x0000000008004cec      0x348 Drivers/STM32H7xx_HAL_Driver/Src/stm32h7xx_hal_sd.o
                0x0000000008004cec                HAL_SD_GetCardCSD
 .text.HAL_SD_GetCardStatus
                0x0000000008005034      0x16c Drivers/STM32H7xx_HAL_Driver/Src/stm32h7xx_hal_sd.o
                0x0000000008005034                HAL_SD_GetCardStatus
 .text.HAL_SD_GetCardInfo
                0x00000000080051a0       0x58 Drivers/STM32H7xx_HAL_Driver/Src/stm32h7xx_hal_sd.o
                0x00000000080051a0                HAL_SD_GetCardInfo
 .text.HAL_SD_ConfigWideBusOperation
                0x00000000080051f8      0x154 Drivers/STM32H7xx_HAL_Driver/Src/stm32h7xx_hal_sd.o
                0x00000000080051f8                HAL_SD_ConfigWideBusOperation
 .text.HAL_SD_GetCardState
                0x000000000800534c       0x40 Drivers/STM32H7xx_HAL_Driver/Src/stm32h7xx_hal_sd.o
                0x000000000800534c                HAL_SD_GetCardState
 .text.SD_InitCard
                0x000000000800538c      0x17c Drivers/STM32H7xx_HAL_Driver/Src/stm32h7xx_hal_sd.o
 .text.SD_PowerON
                0x0000000008005508      0x210 Drivers/STM32H7xx_HAL_Driver/Src/stm32h7xx_hal_sd.o
 .text.SD_SendSDStatus
                0x0000000008005718      0x1a0 Drivers/STM32H7xx_HAL_Driver/Src/stm32h7xx_hal_sd.o
 .text.SD_SendStatus
                0x00000000080058b8       0x50 Drivers/STM32H7xx_HAL_Driver/Src/stm32h7xx_hal_sd.o
 .text.SD_WideBus_Enable
                0x0000000008005908       0x96 Drivers/STM32H7xx_HAL_Driver/Src/stm32h7xx_hal_sd.o
 .text.SD_WideBus_Disable
                0x000000000800599e       0x96 Drivers/STM32H7xx_HAL_Driver/Src/stm32h7xx_hal_sd.o
 .text.SD_FindSCR
                0x0000000008005a34      0x1a0 Drivers/STM32H7xx_HAL_Driver/Src/stm32h7xx_hal_sd.o
 .text.SDMMC_Init
                0x0000000008005bd4       0x54 Drivers/STM32H7xx_HAL_Driver/Src/stm32h7xx_ll_sdmmc.o
                0x0000000008005bd4                SDMMC_Init
 .text.SDMMC_ReadFIFO
                0x0000000008005c28       0x1a Drivers/STM32H7xx_HAL_Driver/Src/stm32h7xx_ll_sdmmc.o
                0x0000000008005c28                SDMMC_ReadFIFO
 .text.SDMMC_WriteFIFO
                0x0000000008005c42       0x22 Drivers/STM32H7xx_HAL_Driver/Src/stm32h7xx_ll_sdmmc.o
                0x0000000008005c42                SDMMC_WriteFIFO
 .text.SDMMC_PowerState_ON
                0x0000000008005c64       0x22 Drivers/STM32H7xx_HAL_Driver/Src/stm32h7xx_ll_sdmmc.o
                0x0000000008005c64                SDMMC_PowerState_ON
 .text.SDMMC_GetPowerState
                0x0000000008005c86       0x1c Drivers/STM32H7xx_HAL_Driver/Src/stm32h7xx_ll_sdmmc.o
                0x0000000008005c86                SDMMC_GetPowerState
 *fill*         0x0000000008005ca2        0x2 
 .text.SDMMC_SendCommand
                0x0000000008005ca4       0x54 Drivers/STM32H7xx_HAL_Driver/Src/stm32h7xx_ll_sdmmc.o
                0x0000000008005ca4                SDMMC_SendCommand
 .text.SDMMC_GetCommandResponse
                0x0000000008005cf8       0x1a Drivers/STM32H7xx_HAL_Driver/Src/stm32h7xx_ll_sdmmc.o
                0x0000000008005cf8                SDMMC_GetCommandResponse
 .text.SDMMC_GetResponse
                0x0000000008005d12       0x26 Drivers/STM32H7xx_HAL_Driver/Src/stm32h7xx_ll_sdmmc.o
                0x0000000008005d12                SDMMC_GetResponse
 .text.SDMMC_ConfigData
                0x0000000008005d38       0x58 Drivers/STM32H7xx_HAL_Driver/Src/stm32h7xx_ll_sdmmc.o
                0x0000000008005d38                SDMMC_ConfigData
 .text.SDMMC_CmdBlockLength
                0x0000000008005d90       0x46 Drivers/STM32H7xx_HAL_Driver/Src/stm32h7xx_ll_sdmmc.o
                0x0000000008005d90                SDMMC_CmdBlockLength
 .text.SDMMC_CmdReadSingleBlock
                0x0000000008005dd6       0x46 Drivers/STM32H7xx_HAL_Driver/Src/stm32h7xx_ll_sdmmc.o
                0x0000000008005dd6                SDMMC_CmdReadSingleBlock
 .text.SDMMC_CmdReadMultiBlock
                0x0000000008005e1c       0x46 Drivers/STM32H7xx_HAL_Driver/Src/stm32h7xx_ll_sdmmc.o
                0x0000000008005e1c                SDMMC_CmdReadMultiBlock
 .text.SDMMC_CmdWriteSingleBlock
                0x0000000008005e62       0x46 Drivers/STM32H7xx_HAL_Driver/Src/stm32h7xx_ll_sdmmc.o
                0x0000000008005e62                SDMMC_CmdWriteSingleBlock
 .text.SDMMC_CmdWriteMultiBlock
                0x0000000008005ea8       0x46 Drivers/STM32H7xx_HAL_Driver/Src/stm32h7xx_ll_sdmmc.o
                0x0000000008005ea8                SDMMC_CmdWriteMultiBlock
 *fill*         0x0000000008005eee        0x2 
 .text.SDMMC_CmdStopTransfer
                0x0000000008005ef0       0x78 Drivers/STM32H7xx_HAL_Driver/Src/stm32h7xx_ll_sdmmc.o
                0x0000000008005ef0                SDMMC_CmdStopTransfer
 .text.SDMMC_CmdSelDesel
                0x0000000008005f68       0x48 Drivers/STM32H7xx_HAL_Driver/Src/stm32h7xx_ll_sdmmc.o
                0x0000000008005f68                SDMMC_CmdSelDesel
 .text.SDMMC_CmdGoIdleState
                0x0000000008005fb0       0x3c Drivers/STM32H7xx_HAL_Driver/Src/stm32h7xx_ll_sdmmc.o
                0x0000000008005fb0                SDMMC_CmdGoIdleState
 .text.SDMMC_CmdOperCond
                0x0000000008005fec       0x40 Drivers/STM32H7xx_HAL_Driver/Src/stm32h7xx_ll_sdmmc.o
                0x0000000008005fec                SDMMC_CmdOperCond
 .text.SDMMC_CmdAppCommand
                0x000000000800602c       0x46 Drivers/STM32H7xx_HAL_Driver/Src/stm32h7xx_ll_sdmmc.o
                0x000000000800602c                SDMMC_CmdAppCommand
 .text.SDMMC_CmdAppOperCommand
                0x0000000008006072       0x40 Drivers/STM32H7xx_HAL_Driver/Src/stm32h7xx_ll_sdmmc.o
                0x0000000008006072                SDMMC_CmdAppOperCommand
 .text.SDMMC_CmdBusWidth
                0x00000000080060b2       0x46 Drivers/STM32H7xx_HAL_Driver/Src/stm32h7xx_ll_sdmmc.o
                0x00000000080060b2                SDMMC_CmdBusWidth
 .text.SDMMC_CmdSendSCR
                0x00000000080060f8       0x44 Drivers/STM32H7xx_HAL_Driver/Src/stm32h7xx_ll_sdmmc.o
                0x00000000080060f8                SDMMC_CmdSendSCR
 .text.SDMMC_CmdSendCID
                0x000000000800613c       0x3e Drivers/STM32H7xx_HAL_Driver/Src/stm32h7xx_ll_sdmmc.o
                0x000000000800613c                SDMMC_CmdSendCID
 .text.SDMMC_CmdSendCSD
                0x000000000800617a       0x40 Drivers/STM32H7xx_HAL_Driver/Src/stm32h7xx_ll_sdmmc.o
                0x000000000800617a                SDMMC_CmdSendCSD
 .text.SDMMC_CmdSetRelAdd
                0x00000000080061ba       0x44 Drivers/STM32H7xx_HAL_Driver/Src/stm32h7xx_ll_sdmmc.o
                0x00000000080061ba                SDMMC_CmdSetRelAdd
 .text.SDMMC_CmdSendStatus
                0x00000000080061fe       0x46 Drivers/STM32H7xx_HAL_Driver/Src/stm32h7xx_ll_sdmmc.o
                0x00000000080061fe                SDMMC_CmdSendStatus
 .text.SDMMC_CmdStatusRegister
                0x0000000008006244       0x44 Drivers/STM32H7xx_HAL_Driver/Src/stm32h7xx_ll_sdmmc.o
                0x0000000008006244                SDMMC_CmdStatusRegister
 .text.SDMMC_CmdVoltageSwitch
                0x0000000008006288       0x44 Drivers/STM32H7xx_HAL_Driver/Src/stm32h7xx_ll_sdmmc.o
                0x0000000008006288                SDMMC_CmdVoltageSwitch
 .text.SDMMC_GetCmdError
                0x00000000080062cc       0x5c Drivers/STM32H7xx_HAL_Driver/Src/stm32h7xx_ll_sdmmc.o
 .text.SDMMC_GetCmdResp1
                0x0000000008006328      0x1e4 Drivers/STM32H7xx_HAL_Driver/Src/stm32h7xx_ll_sdmmc.o
 .text.SDMMC_GetCmdResp2
                0x000000000800650c       0x94 Drivers/STM32H7xx_HAL_Driver/Src/stm32h7xx_ll_sdmmc.o
 .text.SDMMC_GetCmdResp3
                0x00000000080065a0       0x80 Drivers/STM32H7xx_HAL_Driver/Src/stm32h7xx_ll_sdmmc.o
 .text.SDMMC_GetCmdResp6
                0x0000000008006620       0xf0 Drivers/STM32H7xx_HAL_Driver/Src/stm32h7xx_ll_sdmmc.o
 .text.SDMMC_GetCmdResp7
                0x0000000008006710       0x9c Drivers/STM32H7xx_HAL_Driver/Src/stm32h7xx_ll_sdmmc.o
 .text.MX_FATFS_Init
                0x00000000080067ac       0x24 FATFS/App/fatfs.o
                0x00000000080067ac                MX_FATFS_Init
 .text.BSP_SD_Init
                0x00000000080067d0       0x4c FATFS/Target/bsp_driver_sd.o
                0x00000000080067d0                BSP_SD_Init
 .text.BSP_SD_ReadBlocks
                0x000000000800681c       0x3c FATFS/Target/bsp_driver_sd.o
                0x000000000800681c                BSP_SD_ReadBlocks
 .text.BSP_SD_WriteBlocks
                0x0000000008006858       0x3c FATFS/Target/bsp_driver_sd.o
                0x0000000008006858                BSP_SD_WriteBlocks
 .text.BSP_SD_GetCardState
                0x0000000008006894       0x20 FATFS/Target/bsp_driver_sd.o
                0x0000000008006894                BSP_SD_GetCardState
 .text.BSP_SD_GetCardInfo
                0x00000000080068b4       0x1c FATFS/Target/bsp_driver_sd.o
                0x00000000080068b4                BSP_SD_GetCardInfo
 .text.BSP_SD_IsDetected
                0x00000000080068d0       0x1a FATFS/Target/bsp_driver_sd.o
                0x00000000080068d0                BSP_SD_IsDetected
 *fill*         0x00000000080068ea        0x2 
 .text.SD_CheckStatus
                0x00000000080068ec       0x3c FATFS/Target/sd_diskio.o
 .text.SD_initialize
                0x0000000008006928       0x3c FATFS/Target/sd_diskio.o
                0x0000000008006928                SD_initialize
 .text.SD_status
                0x0000000008006964       0x1c FATFS/Target/sd_diskio.o
                0x0000000008006964                SD_status
 .text.SD_read  0x0000000008006980       0x42 FATFS/Target/sd_diskio.o
                0x0000000008006980                SD_read
 .text.SD_write
                0x00000000080069c2       0x42 FATFS/Target/sd_diskio.o
                0x00000000080069c2                SD_write
 .text.SD_ioctl
                0x0000000008006a04       0xb0 FATFS/Target/sd_diskio.o
                0x0000000008006a04                SD_ioctl
 .text.FATFS_LinkDriverEx
                0x0000000008006ab4       0x98 Middlewares/Third_Party/FatFs/src/ff_gen_drv.o
                0x0000000008006ab4                FATFS_LinkDriverEx
 .text.FATFS_LinkDriver
                0x0000000008006b4c       0x1e Middlewares/Third_Party/FatFs/src/ff_gen_drv.o
                0x0000000008006b4c                FATFS_LinkDriver
 *fill*         0x0000000008006b6a        0x2 
 .text.__errno  0x0000000008006b6c        0xc c:/st/stm32cubeide_1.4.0/stm32cubeide/plugins/com.st.stm32cube.ide.mcu.externaltools.gnu-tools-for-stm32.7-2018-q2-update.win32_1.4.0.202007081208/tools/bin/../lib/gcc/arm-none-eabi/7.3.1/../../../../arm-none-eabi/lib/thumb/v7e-m/fpv5/hard\libc_nano.a(lib_a-errno.o)
                0x0000000008006b6c                __errno
 .text.__libc_init_array
                0x0000000008006b78       0x48 c:/st/stm32cubeide_1.4.0/stm32cubeide/plugins/com.st.stm32cube.ide.mcu.externaltools.gnu-tools-for-stm32.7-2018-q2-update.win32_1.4.0.202007081208/tools/bin/../lib/gcc/arm-none-eabi/7.3.1/../../../../arm-none-eabi/lib/thumb/v7e-m/fpv5/hard\libc_nano.a(lib_a-init.o)
                0x0000000008006b78                __libc_init_array
 .text.memset   0x0000000008006bc0       0x10 c:/st/stm32cubeide_1.4.0/stm32cubeide/plugins/com.st.stm32cube.ide.mcu.externaltools.gnu-tools-for-stm32.7-2018-q2-update.win32_1.4.0.202007081208/tools/bin/../lib/gcc/arm-none-eabi/7.3.1/../../../../arm-none-eabi/lib/thumb/v7e-m/fpv5/hard\libc_nano.a(lib_a-memset.o)
                0x0000000008006bc0                memset
 .text.sin      0x0000000008006bd0       0x78 c:/st/stm32cubeide_1.4.0/stm32cubeide/plugins/com.st.stm32cube.ide.mcu.externaltools.gnu-tools-for-stm32.7-2018-q2-update.win32_1.4.0.202007081208/tools/bin/../lib/gcc/arm-none-eabi/7.3.1/../../../../arm-none-eabi/lib/thumb/v7e-m/fpv5/hard\libm.a(lib_a-s_sin.o)
                0x0000000008006bd0                sin
 .text.exp      0x0000000008006c48       0xe8 c:/st/stm32cubeide_1.4.0/stm32cubeide/plugins/com.st.stm32cube.ide.mcu.externaltools.gnu-tools-for-stm32.7-2018-q2-update.win32_1.4.0.202007081208/tools/bin/../lib/gcc/arm-none-eabi/7.3.1/../../../../arm-none-eabi/lib/thumb/v7e-m/fpv5/hard\libm.a(lib_a-w_exp.o)
                0x0000000008006c48                exp
 .text.log      0x0000000008006d30       0xdc c:/st/stm32cubeide_1.4.0/stm32cubeide/plugins/com.st.stm32cube.ide.mcu.externaltools.gnu-tools-for-stm32.7-2018-q2-update.win32_1.4.0.202007081208/tools/bin/../lib/gcc/arm-none-eabi/7.3.1/../../../../arm-none-eabi/lib/thumb/v7e-m/fpv5/hard\libm.a(lib_a-w_log.o)
                0x0000000008006d30                log
 *fill*         0x0000000008006e0c        0x4 
 .text.pow      0x0000000008006e10      0x25c c:/st/stm32cubeide_1.4.0/stm32cubeide/plugins/com.st.stm32cube.ide.mcu.externaltools.gnu-tools-for-stm32.7-2018-q2-update.win32_1.4.0.202007081208/tools/bin/../lib/gcc/arm-none-eabi/7.3.1/../../../../arm-none-eabi/lib/thumb/v7e-m/fpv5/hard\libm.a(lib_a-w_pow.o)
                0x0000000008006e10                pow
 *fill*         0x000000000800706c        0x4 
 .text.__ieee754_exp
                0x0000000008007070      0x210 c:/st/stm32cubeide_1.4.0/stm32cubeide/plugins/com.st.stm32cube.ide.mcu.externaltools.gnu-tools-for-stm32.7-2018-q2-update.win32_1.4.0.202007081208/tools/bin/../lib/gcc/arm-none-eabi/7.3.1/../../../../arm-none-eabi/lib/thumb/v7e-m/fpv5/hard\libm.a(lib_a-e_exp.o)
                0x0000000008007070                __ieee754_exp
 .text.__ieee754_log
                0x0000000008007280      0x234 c:/st/stm32cubeide_1.4.0/stm32cubeide/plugins/com.st.stm32cube.ide.mcu.externaltools.gnu-tools-for-stm32.7-2018-q2-update.win32_1.4.0.202007081208/tools/bin/../lib/gcc/arm-none-eabi/7.3.1/../../../../arm-none-eabi/lib/thumb/v7e-m/fpv5/hard\libm.a(lib_a-e_log.o)
                0x0000000008007280                __ieee754_log
 *fill*         0x00000000080074b4        0x4 
 .text.__ieee754_pow
                0x00000000080074b8      0x70c c:/st/stm32cubeide_1.4.0/stm32cubeide/plugins/com.st.stm32cube.ide.mcu.externaltools.gnu-tools-for-stm32.7-2018-q2-update.win32_1.4.0.202007081208/tools/bin/../lib/gcc/arm-none-eabi/7.3.1/../../../../arm-none-eabi/lib/thumb/v7e-m/fpv5/hard\libm.a(lib_a-e_pow.o)
                0x00000000080074b8                __ieee754_pow
 *fill*         0x0000000008007bc4        0x4 
 .text.__ieee754_rem_pio2
                0x0000000008007bc8      0x278 c:/st/stm32cubeide_1.4.0/stm32cubeide/plugins/com.st.stm32cube.ide.mcu.externaltools.gnu-tools-for-stm32.7-2018-q2-update.win32_1.4.0.202007081208/tools/bin/../lib/gcc/arm-none-eabi/7.3.1/../../../../arm-none-eabi/lib/thumb/v7e-m/fpv5/hard\libm.a(lib_a-e_rem_pio2.o)
                0x0000000008007bc8                __ieee754_rem_pio2
 .text.__ieee754_sqrt
                0x0000000008007e40        0x6 c:/st/stm32cubeide_1.4.0/stm32cubeide/plugins/com.st.stm32cube.ide.mcu.externaltools.gnu-tools-for-stm32.7-2018-q2-update.win32_1.4.0.202007081208/tools/bin/../lib/gcc/arm-none-eabi/7.3.1/../../../../arm-none-eabi/lib/thumb/v7e-m/fpv5/hard\libm.a(lib_a-e_sqrt.o)
                0x0000000008007e40                __ieee754_sqrt
 *fill*         0x0000000008007e46        0x2 
 .text.__kernel_cos
                0x0000000008007e48       0xd8 c:/st/stm32cubeide_1.4.0/stm32cubeide/plugins/com.st.stm32cube.ide.mcu.externaltools.gnu-tools-for-stm32.7-2018-q2-update.win32_1.4.0.202007081208/tools/bin/../lib/gcc/arm-none-eabi/7.3.1/../../../../arm-none-eabi/lib/thumb/v7e-m/fpv5/hard\libm.a(lib_a-k_cos.o)
                0x0000000008007e48                __kernel_cos
 .text.__kernel_rem_pio2
                0x0000000008007f20      0x538 c:/st/stm32cubeide_1.4.0/stm32cubeide/plugins/com.st.stm32cube.ide.mcu.externaltools.gnu-tools-for-stm32.7-2018-q2-update.win32_1.4.0.202007081208/tools/bin/../lib/gcc/arm-none-eabi/7.3.1/../../../../arm-none-eabi/lib/thumb/v7e-m/fpv5/hard\libm.a(lib_a-k_rem_pio2.o)
                0x0000000008007f20                __kernel_rem_pio2
 .text.__kernel_sin
                0x0000000008008458       0xb0 c:/st/stm32cubeide_1.4.0/stm32cubeide/plugins/com.st.stm32cube.ide.mcu.externaltools.gnu-tools-for-stm32.7-2018-q2-update.win32_1.4.0.202007081208/tools/bin/../lib/gcc/arm-none-eabi/7.3.1/../../../../arm-none-eabi/lib/thumb/v7e-m/fpv5/hard\libm.a(lib_a-k_sin.o)
                0x0000000008008458                __kernel_sin
 .text.fabs     0x0000000008008508       0x12 c:/st/stm32cubeide_1.4.0/stm32cubeide/plugins/com.st.stm32cube.ide.mcu.externaltools.gnu-tools-for-stm32.7-2018-q2-update.win32_1.4.0.202007081208/tools/bin/../lib/gcc/arm-none-eabi/7.3.1/../../../../arm-none-eabi/lib/thumb/v7e-m/fpv5/hard\libm.a(lib_a-s_fabs.o)
                0x0000000008008508                fabs
 .text.finite   0x000000000800851a       0x10 c:/st/stm32cubeide_1.4.0/stm32cubeide/plugins/com.st.stm32cube.ide.mcu.externaltools.gnu-tools-for-stm32.7-2018-q2-update.win32_1.4.0.202007081208/tools/bin/../lib/gcc/arm-none-eabi/7.3.1/../../../../arm-none-eabi/lib/thumb/v7e-m/fpv5/hard\libm.a(lib_a-s_finite.o)
                0x000000000800851a                finite
 *fill*         0x000000000800852a        0x6 
 .text.floor    0x0000000008008530       0xf0 c:/st/stm32cubeide_1.4.0/stm32cubeide/plugins/com.st.stm32cube.ide.mcu.externaltools.gnu-tools-for-stm32.7-2018-q2-update.win32_1.4.0.202007081208/tools/bin/../lib/gcc/arm-none-eabi/7.3.1/../../../../arm-none-eabi/lib/thumb/v7e-m/fpv5/hard\libm.a(lib_a-s_floor.o)
                0x0000000008008530                floor
 .text.matherr  0x0000000008008620        0x4 c:/st/stm32cubeide_1.4.0/stm32cubeide/plugins/com.st.stm32cube.ide.mcu.externaltools.gnu-tools-for-stm32.7-2018-q2-update.win32_1.4.0.202007081208/tools/bin/../lib/gcc/arm-none-eabi/7.3.1/../../../../arm-none-eabi/lib/thumb/v7e-m/fpv5/hard\libm.a(lib_a-s_matherr.o)
                0x0000000008008620                matherr
 *fill*         0x0000000008008624        0x4 
 .text.nan      0x0000000008008628       0x10 c:/st/stm32cubeide_1.4.0/stm32cubeide/plugins/com.st.stm32cube.ide.mcu.externaltools.gnu-tools-for-stm32.7-2018-q2-update.win32_1.4.0.202007081208/tools/bin/../lib/gcc/arm-none-eabi/7.3.1/../../../../arm-none-eabi/lib/thumb/v7e-m/fpv5/hard\libm.a(lib_a-s_nan.o)
                0x0000000008008628                nan
 .text.rint     0x0000000008008638      0x114 c:/st/stm32cubeide_1.4.0/stm32cubeide/plugins/com.st.stm32cube.ide.mcu.externaltools.gnu-tools-for-stm32.7-2018-q2-update.win32_1.4.0.202007081208/tools/bin/../lib/gcc/arm-none-eabi/7.3.1/../../../../arm-none-eabi/lib/thumb/v7e-m/fpv5/hard\libm.a(lib_a-s_rint.o)
                0x0000000008008638                rint
 *fill*         0x000000000800874c        0x4 
 .text.scalbn   0x0000000008008750       0xfc c:/st/stm32cubeide_1.4.0/stm32cubeide/plugins/com.st.stm32cube.ide.mcu.externaltools.gnu-tools-for-stm32.7-2018-q2-update.win32_1.4.0.202007081208/tools/bin/../lib/gcc/arm-none-eabi/7.3.1/../../../../arm-none-eabi/lib/thumb/v7e-m/fpv5/hard\libm.a(lib_a-s_scalbn.o)
                0x0000000008008750                scalbn
 .text.copysign
                0x000000000800884c       0x1e c:/st/stm32cubeide_1.4.0/stm32cubeide/plugins/com.st.stm32cube.ide.mcu.externaltools.gnu-tools-for-stm32.7-2018-q2-update.win32_1.4.0.202007081208/tools/bin/../lib/gcc/arm-none-eabi/7.3.1/../../../../arm-none-eabi/lib/thumb/v7e-m/fpv5/hard\libm.a(lib_a-s_copysign.o)
                0x000000000800884c                copysign
 *(.glue_7)
 .glue_7        0x000000000800886a        0x0 linker stubs
 *(.glue_7t)
 .glue_7t       0x000000000800886a        0x0 linker stubs
 *(.eh_frame)
 *fill*         0x000000000800886a        0x2 
 .eh_frame      0x000000000800886c        0x0 c:/st/stm32cubeide_1.4.0/stm32cubeide/plugins/com.st.stm32cube.ide.mcu.externaltools.gnu-tools-for-stm32.7-2018-q2-update.win32_1.4.0.202007081208/tools/bin/../lib/gcc/arm-none-eabi/7.3.1/thumb/v7e-m/fpv5/hard/crtbegin.o
 *(.init)
 .init          0x000000000800886c        0x4 c:/st/stm32cubeide_1.4.0/stm32cubeide/plugins/com.st.stm32cube.ide.mcu.externaltools.gnu-tools-for-stm32.7-2018-q2-update.win32_1.4.0.202007081208/tools/bin/../lib/gcc/arm-none-eabi/7.3.1/thumb/v7e-m/fpv5/hard/crti.o
                0x000000000800886c                _init
 .init          0x0000000008008870        0x8 c:/st/stm32cubeide_1.4.0/stm32cubeide/plugins/com.st.stm32cube.ide.mcu.externaltools.gnu-tools-for-stm32.7-2018-q2-update.win32_1.4.0.202007081208/tools/bin/../lib/gcc/arm-none-eabi/7.3.1/thumb/v7e-m/fpv5/hard/crtn.o
 *(.fini)
 .fini          0x0000000008008878        0x4 c:/st/stm32cubeide_1.4.0/stm32cubeide/plugins/com.st.stm32cube.ide.mcu.externaltools.gnu-tools-for-stm32.7-2018-q2-update.win32_1.4.0.202007081208/tools/bin/../lib/gcc/arm-none-eabi/7.3.1/thumb/v7e-m/fpv5/hard/crti.o
                0x0000000008008878                _fini
 .fini          0x000000000800887c        0x8 c:/st/stm32cubeide_1.4.0/stm32cubeide/plugins/com.st.stm32cube.ide.mcu.externaltools.gnu-tools-for-stm32.7-2018-q2-update.win32_1.4.0.202007081208/tools/bin/../lib/gcc/arm-none-eabi/7.3.1/thumb/v7e-m/fpv5/hard/crtn.o
                0x0000000008008884                . = ALIGN (0x4)
                0x0000000008008884                _etext = .

.vfp11_veneer   0x0000000008008884        0x0
 .vfp11_veneer  0x0000000008008884        0x0 linker stubs

.v4_bx          0x0000000008008884        0x0
 .v4_bx         0x0000000008008884        0x0 linker stubs

.iplt           0x0000000008008884        0x0
 .iplt          0x0000000008008884        0x0 c:/st/stm32cubeide_1.4.0/stm32cubeide/plugins/com.st.stm32cube.ide.mcu.externaltools.gnu-tools-for-stm32.7-2018-q2-update.win32_1.4.0.202007081208/tools/bin/../lib/gcc/arm-none-eabi/7.3.1/thumb/v7e-m/fpv5/hard/crtbegin.o

.rodata         0x0000000008008888      0x278
                0x0000000008008888                . = ALIGN (0x4)
 *(.rodata)
 *(.rodata*)
 .rodata.D1CorePrescTable
                0x0000000008008888       0x10 Core/Src/system_stm32h7xx.o
                0x0000000008008888                D1CorePrescTable
 .rodata.SD_Driver
                0x0000000008008898       0x14 FATFS/Target/sd_diskio.o
                0x0000000008008898                SD_Driver
 .rodata.exp.str1.1
                0x00000000080088ac        0x4 c:/st/stm32cubeide_1.4.0/stm32cubeide/plugins/com.st.stm32cube.ide.mcu.externaltools.gnu-tools-for-stm32.7-2018-q2-update.win32_1.4.0.202007081208/tools/bin/../lib/gcc/arm-none-eabi/7.3.1/../../../../arm-none-eabi/lib/thumb/v7e-m/fpv5/hard\libm.a(lib_a-w_exp.o)
 .rodata.log.str1.1
                0x00000000080088b0        0x4 c:/st/stm32cubeide_1.4.0/stm32cubeide/plugins/com.st.stm32cube.ide.mcu.externaltools.gnu-tools-for-stm32.7-2018-q2-update.win32_1.4.0.202007081208/tools/bin/../lib/gcc/arm-none-eabi/7.3.1/../../../../arm-none-eabi/lib/thumb/v7e-m/fpv5/hard\libm.a(lib_a-w_log.o)
                                          0x5 (size before relaxing)
 .rodata.pow.str1.1
                0x00000000080088b4        0x4 c:/st/stm32cubeide_1.4.0/stm32cubeide/plugins/com.st.stm32cube.ide.mcu.externaltools.gnu-tools-for-stm32.7-2018-q2-update.win32_1.4.0.202007081208/tools/bin/../lib/gcc/arm-none-eabi/7.3.1/../../../../arm-none-eabi/lib/thumb/v7e-m/fpv5/hard\libm.a(lib_a-w_pow.o)
 .rodata.halF   0x00000000080088b8       0x10 c:/st/stm32cubeide_1.4.0/stm32cubeide/plugins/com.st.stm32cube.ide.mcu.externaltools.gnu-tools-for-stm32.7-2018-q2-update.win32_1.4.0.202007081208/tools/bin/../lib/gcc/arm-none-eabi/7.3.1/../../../../arm-none-eabi/lib/thumb/v7e-m/fpv5/hard\libm.a(lib_a-e_exp.o)
 .rodata.ln2HI  0x00000000080088c8       0x10 c:/st/stm32cubeide_1.4.0/stm32cubeide/plugins/com.st.stm32cube.ide.mcu.externaltools.gnu-tools-for-stm32.7-2018-q2-update.win32_1.4.0.202007081208/tools/bin/../lib/gcc/arm-none-eabi/7.3.1/../../../../arm-none-eabi/lib/thumb/v7e-m/fpv5/hard\libm.a(lib_a-e_exp.o)
 .rodata.ln2LO  0x00000000080088d8       0x10 c:/st/stm32cubeide_1.4.0/stm32cubeide/plugins/com.st.stm32cube.ide.mcu.externaltools.gnu-tools-for-stm32.7-2018-q2-update.win32_1.4.0.202007081208/tools/bin/../lib/gcc/arm-none-eabi/7.3.1/../../../../arm-none-eabi/lib/thumb/v7e-m/fpv5/hard\libm.a(lib_a-e_exp.o)
 .rodata.__ieee754_pow.str1.1
                0x00000000080088e8        0x1 c:/st/stm32cubeide_1.4.0/stm32cubeide/plugins/com.st.stm32cube.ide.mcu.externaltools.gnu-tools-for-stm32.7-2018-q2-update.win32_1.4.0.202007081208/tools/bin/../lib/gcc/arm-none-eabi/7.3.1/../../../../arm-none-eabi/lib/thumb/v7e-m/fpv5/hard\libm.a(lib_a-e_pow.o)
 .rodata.bp     0x00000000080088e8       0x10 c:/st/stm32cubeide_1.4.0/stm32cubeide/plugins/com.st.stm32cube.ide.mcu.externaltools.gnu-tools-for-stm32.7-2018-q2-update.win32_1.4.0.202007081208/tools/bin/../lib/gcc/arm-none-eabi/7.3.1/../../../../arm-none-eabi/lib/thumb/v7e-m/fpv5/hard\libm.a(lib_a-e_pow.o)
 .rodata.dp_h   0x00000000080088f8       0x10 c:/st/stm32cubeide_1.4.0/stm32cubeide/plugins/com.st.stm32cube.ide.mcu.externaltools.gnu-tools-for-stm32.7-2018-q2-update.win32_1.4.0.202007081208/tools/bin/../lib/gcc/arm-none-eabi/7.3.1/../../../../arm-none-eabi/lib/thumb/v7e-m/fpv5/hard\libm.a(lib_a-e_pow.o)
 .rodata.dp_l   0x0000000008008908       0x10 c:/st/stm32cubeide_1.4.0/stm32cubeide/plugins/com.st.stm32cube.ide.mcu.externaltools.gnu-tools-for-stm32.7-2018-q2-update.win32_1.4.0.202007081208/tools/bin/../lib/gcc/arm-none-eabi/7.3.1/../../../../arm-none-eabi/lib/thumb/v7e-m/fpv5/hard\libm.a(lib_a-e_pow.o)
 .rodata.npio2_hw
                0x0000000008008918       0x80 c:/st/stm32cubeide_1.4.0/stm32cubeide/plugins/com.st.stm32cube.ide.mcu.externaltools.gnu-tools-for-stm32.7-2018-q2-update.win32_1.4.0.202007081208/tools/bin/../lib/gcc/arm-none-eabi/7.3.1/../../../../arm-none-eabi/lib/thumb/v7e-m/fpv5/hard\libm.a(lib_a-e_rem_pio2.o)
 .rodata.two_over_pi
                0x0000000008008998      0x108 c:/st/stm32cubeide_1.4.0/stm32cubeide/plugins/com.st.stm32cube.ide.mcu.externaltools.gnu-tools-for-stm32.7-2018-q2-update.win32_1.4.0.202007081208/tools/bin/../lib/gcc/arm-none-eabi/7.3.1/../../../../arm-none-eabi/lib/thumb/v7e-m/fpv5/hard\libm.a(lib_a-e_rem_pio2.o)
 .rodata.PIo2   0x0000000008008aa0       0x40 c:/st/stm32cubeide_1.4.0/stm32cubeide/plugins/com.st.stm32cube.ide.mcu.externaltools.gnu-tools-for-stm32.7-2018-q2-update.win32_1.4.0.202007081208/tools/bin/../lib/gcc/arm-none-eabi/7.3.1/../../../../arm-none-eabi/lib/thumb/v7e-m/fpv5/hard\libm.a(lib_a-k_rem_pio2.o)
 .rodata.init_jk
                0x0000000008008ae0       0x10 c:/st/stm32cubeide_1.4.0/stm32cubeide/plugins/com.st.stm32cube.ide.mcu.externaltools.gnu-tools-for-stm32.7-2018-q2-update.win32_1.4.0.202007081208/tools/bin/../lib/gcc/arm-none-eabi/7.3.1/../../../../arm-none-eabi/lib/thumb/v7e-m/fpv5/hard\libm.a(lib_a-k_rem_pio2.o)
 .rodata.TWO52  0x0000000008008af0       0x10 c:/st/stm32cubeide_1.4.0/stm32cubeide/plugins/com.st.stm32cube.ide.mcu.externaltools.gnu-tools-for-stm32.7-2018-q2-update.win32_1.4.0.202007081208/tools/bin/../lib/gcc/arm-none-eabi/7.3.1/../../../../arm-none-eabi/lib/thumb/v7e-m/fpv5/hard\libm.a(lib_a-s_rint.o)
                0x0000000008008b00                . = ALIGN (0x4)

.rel.dyn        0x0000000008008b00        0x0
 .rel.iplt      0x0000000008008b00        0x0 c:/st/stm32cubeide_1.4.0/stm32cubeide/plugins/com.st.stm32cube.ide.mcu.externaltools.gnu-tools-for-stm32.7-2018-q2-update.win32_1.4.0.202007081208/tools/bin/../lib/gcc/arm-none-eabi/7.3.1/thumb/v7e-m/fpv5/hard/crtbegin.o

.ARM.extab      0x0000000008008b00        0x0
                0x0000000008008b00                . = ALIGN (0x4)
 *(.ARM.extab* .gnu.linkonce.armextab.*)
                0x0000000008008b00                . = ALIGN (0x4)

.ARM            0x0000000008008b00        0x0
                0x0000000008008b00                . = ALIGN (0x4)
                0x0000000008008b00                __exidx_start = .
 *(.ARM.exidx*)
                0x0000000008008b00                __exidx_end = .
                0x0000000008008b00                . = ALIGN (0x4)

.preinit_array  0x0000000008008b00        0x0
                0x0000000008008b00                . = ALIGN (0x4)
                0x0000000008008b00                PROVIDE (__preinit_array_start = .)
 *(.preinit_array*)
                0x0000000008008b00                PROVIDE (__preinit_array_end = .)
                0x0000000008008b00                . = ALIGN (0x4)

.init_array     0x0000000008008b00        0x4
                0x0000000008008b00                . = ALIGN (0x4)
                0x0000000008008b00                PROVIDE (__init_array_start = .)
 *(SORT_BY_NAME(.init_array.*))
 *(.init_array*)
 .init_array    0x0000000008008b00        0x4 c:/st/stm32cubeide_1.4.0/stm32cubeide/plugins/com.st.stm32cube.ide.mcu.externaltools.gnu-tools-for-stm32.7-2018-q2-update.win32_1.4.0.202007081208/tools/bin/../lib/gcc/arm-none-eabi/7.3.1/thumb/v7e-m/fpv5/hard/crtbegin.o
                0x0000000008008b04                PROVIDE (__init_array_end = .)
                0x0000000008008b04                . = ALIGN (0x4)

.fini_array     0x0000000008008b04        0x4
                0x0000000008008b04                . = ALIGN (0x4)
                [!provide]                        PROVIDE (__fini_array_start = .)
 *(SORT_BY_NAME(.fini_array.*))
 *(.fini_array*)
 .fini_array    0x0000000008008b04        0x4 c:/st/stm32cubeide_1.4.0/stm32cubeide/plugins/com.st.stm32cube.ide.mcu.externaltools.gnu-tools-for-stm32.7-2018-q2-update.win32_1.4.0.202007081208/tools/bin/../lib/gcc/arm-none-eabi/7.3.1/thumb/v7e-m/fpv5/hard/crtbegin.o
                [!provide]                        PROVIDE (__fini_array_end = .)
                0x0000000008008b08                . = ALIGN (0x4)
                0x0000000008008b08                _sidata = LOADADDR (.data)

.data           0x0000000024000000       0x78 load address 0x0000000008008b08
                0x0000000024000000                . = ALIGN (0x4)
                0x0000000024000000                _sdata = .
 *(.data)
 *(.data*)
 .data.SystemCoreClock
                0x0000000024000000        0x4 Core/Src/system_stm32h7xx.o
                0x0000000024000000                SystemCoreClock
 .data.SystemD2Clock
                0x0000000024000004        0x4 Core/Src/system_stm32h7xx.o
                0x0000000024000004                SystemD2Clock
 .data.uwTickPrio
                0x0000000024000008        0x4 Drivers/STM32H7xx_HAL_Driver/Src/stm32h7xx_hal.o
                0x0000000024000008                uwTickPrio
 .data.uwTickFreq
                0x000000002400000c        0x1 Drivers/STM32H7xx_HAL_Driver/Src/stm32h7xx_hal.o
                0x000000002400000c                uwTickFreq
 .data.Stat     0x000000002400000d        0x1 FATFS/Target/sd_diskio.o
 *fill*         0x000000002400000e        0x2 
 .data._impure_ptr
                0x0000000024000010        0x4 c:/st/stm32cubeide_1.4.0/stm32cubeide/plugins/com.st.stm32cube.ide.mcu.externaltools.gnu-tools-for-stm32.7-2018-q2-update.win32_1.4.0.202007081208/tools/bin/../lib/gcc/arm-none-eabi/7.3.1/../../../../arm-none-eabi/lib/thumb/v7e-m/fpv5/hard\libc_nano.a(lib_a-impure.o)
                0x0000000024000010                _impure_ptr
 .data.impure_data
                0x0000000024000014       0x60 c:/st/stm32cubeide_1.4.0/stm32cubeide/plugins/com.st.stm32cube.ide.mcu.externaltools.gnu-tools-for-stm32.7-2018-q2-update.win32_1.4.0.202007081208/tools/bin/../lib/gcc/arm-none-eabi/7.3.1/../../../../arm-none-eabi/lib/thumb/v7e-m/fpv5/hard\libc_nano.a(lib_a-impure.o)
 .data.__fdlib_version
                0x0000000024000074        0x1 c:/st/stm32cubeide_1.4.0/stm32cubeide/plugins/com.st.stm32cube.ide.mcu.externaltools.gnu-tools-for-stm32.7-2018-q2-update.win32_1.4.0.202007081208/tools/bin/../lib/gcc/arm-none-eabi/7.3.1/../../../../arm-none-eabi/lib/thumb/v7e-m/fpv5/hard\libm.a(lib_a-s_lib_ver.o)
                0x0000000024000074                __fdlib_version
                0x0000000024000078                . = ALIGN (0x4)
 *fill*         0x0000000024000075        0x3 
                0x0000000024000078                _edata = .

.igot.plt       0x0000000024000078        0x0 load address 0x0000000008008b80
 .igot.plt      0x0000000024000078        0x0 c:/st/stm32cubeide_1.4.0/stm32cubeide/plugins/com.st.stm32cube.ide.mcu.externaltools.gnu-tools-for-stm32.7-2018-q2-update.win32_1.4.0.202007081208/tools/bin/../lib/gcc/arm-none-eabi/7.3.1/thumb/v7e-m/fpv5/hard/crtbegin.o
                0x0000000024000078                . = ALIGN (0x4)

.bss            0x0000000024000078      0x528 load address 0x0000000008008b80
                0x0000000024000078                _sbss = .
                0x0000000024000078                __bss_start__ = _sbss
 *(.bss)
 .bss           0x0000000024000078       0x1c c:/st/stm32cubeide_1.4.0/stm32cubeide/plugins/com.st.stm32cube.ide.mcu.externaltools.gnu-tools-for-stm32.7-2018-q2-update.win32_1.4.0.202007081208/tools/bin/../lib/gcc/arm-none-eabi/7.3.1/thumb/v7e-m/fpv5/hard/crtbegin.o
 *(.bss*)
 .bss.disk      0x0000000024000094        0xc Middlewares/Third_Party/FatFs/src/ff_gen_drv.o
                0x0000000024000094                disk
 *(COMMON)
 COMMON         0x00000000240000a0       0x94 Core/Src/main.o
                0x00000000240000a0                hdac1
                0x00000000240000b4                hsd1
 COMMON         0x0000000024000134        0x4 Drivers/STM32H7xx_HAL_Driver/Src/stm32h7xx_hal.o
                0x0000000024000134                uwTick
 COMMON         0x0000000024000138      0x468 FATFS/App/fatfs.o
                0x0000000024000138                retSD
                0x000000002400013c                SDPath
                0x0000000024000140                SDFile
                0x0000000024000370                SDFatFS
                0x00000000240005a0                . = ALIGN (0x4)
                0x00000000240005a0                _ebss = .
                0x00000000240005a0                __bss_end__ = _ebss

._user_heap_stack
                0x00000000240005a0      0x600 load address 0x0000000008008b80
                0x00000000240005a0                . = ALIGN (0x8)
                [!provide]                        PROVIDE (end = .)
                0x00000000240005a0                PROVIDE (_end = .)
                0x00000000240007a0                . = (. + _Min_Heap_Size)
 *fill*         0x00000000240005a0      0x200 
                0x0000000024000ba0                . = (. + _Min_Stack_Size)
 *fill*         0x00000000240007a0      0x400 
                0x0000000024000ba0                . = ALIGN (0x8)

/DISCARD/
 libc.a(*)
 libm.a(*)
 libgcc.a(*)

.ARM.attributes
                0x0000000000000000       0x2e
 *(.ARM.attributes)
 .ARM.attributes
                0x0000000000000000       0x20 c:/st/stm32cubeide_1.4.0/stm32cubeide/plugins/com.st.stm32cube.ide.mcu.externaltools.gnu-tools-for-stm32.7-2018-q2-update.win32_1.4.0.202007081208/tools/bin/../lib/gcc/arm-none-eabi/7.3.1/thumb/v7e-m/fpv5/hard/crti.o
 .ARM.attributes
                0x0000000000000020       0x32 c:/st/stm32cubeide_1.4.0/stm32cubeide/plugins/com.st.stm32cube.ide.mcu.externaltools.gnu-tools-for-stm32.7-2018-q2-update.win32_1.4.0.202007081208/tools/bin/../lib/gcc/arm-none-eabi/7.3.1/thumb/v7e-m/fpv5/hard/crtbegin.o
 .ARM.attributes
                0x0000000000000052       0x37 Core/Src/main.o
 .ARM.attributes
                0x0000000000000089       0x37 Core/Src/stm32h7xx_hal_msp.o
 .ARM.attributes
                0x00000000000000c0       0x37 Core/Src/stm32h7xx_it.o
 .ARM.attributes
                0x00000000000000f7       0x37 Core/Src/system_stm32h7xx.o
 .ARM.attributes
                0x000000000000012e       0x21 Core/Startup/startup_stm32h743vitx.o
 .ARM.attributes
                0x000000000000014f       0x37 Drivers/STM32H7xx_HAL_Driver/Src/stm32h7xx_hal.o
 .ARM.attributes
                0x0000000000000186       0x37 Drivers/STM32H7xx_HAL_Driver/Src/stm32h7xx_hal_cortex.o
 .ARM.attributes
                0x00000000000001bd       0x37 Drivers/STM32H7xx_HAL_Driver/Src/stm32h7xx_hal_dac.o
 .ARM.attributes
                0x00000000000001f4       0x37 Drivers/STM32H7xx_HAL_Driver/Src/stm32h7xx_hal_gpio.o
 .ARM.attributes
                0x000000000000022b       0x37 Drivers/STM32H7xx_HAL_Driver/Src/stm32h7xx_hal_pwr_ex.o
 .ARM.attributes
                0x0000000000000262       0x37 Drivers/STM32H7xx_HAL_Driver/Src/stm32h7xx_hal_rcc.o
 .ARM.attributes
                0x0000000000000299       0x37 Drivers/STM32H7xx_HAL_Driver/Src/stm32h7xx_hal_rcc_ex.o
 .ARM.attributes
                0x00000000000002d0       0x37 Drivers/STM32H7xx_HAL_Driver/Src/stm32h7xx_hal_sd.o
 .ARM.attributes
                0x0000000000000307       0x37 Drivers/STM32H7xx_HAL_Driver/Src/stm32h7xx_ll_sdmmc.o
 .ARM.attributes
                0x000000000000033e       0x37 FATFS/App/fatfs.o
 .ARM.attributes
                0x0000000000000375       0x37 FATFS/Target/bsp_driver_sd.o
 .ARM.attributes
                0x00000000000003ac       0x37 FATFS/Target/sd_diskio.o
 .ARM.attributes
                0x00000000000003e3       0x37 Middlewares/Third_Party/FatFs/src/ff_gen_drv.o
 .ARM.attributes
                0x000000000000041a       0x32 c:/st/stm32cubeide_1.4.0/stm32cubeide/plugins/com.st.stm32cube.ide.mcu.externaltools.gnu-tools-for-stm32.7-2018-q2-update.win32_1.4.0.202007081208/tools/bin/../lib/gcc/arm-none-eabi/7.3.1/../../../../arm-none-eabi/lib/thumb/v7e-m/fpv5/hard\libc_nano.a(lib_a-errno.o)
 .ARM.attributes
                0x000000000000044c       0x32 c:/st/stm32cubeide_1.4.0/stm32cubeide/plugins/com.st.stm32cube.ide.mcu.externaltools.gnu-tools-for-stm32.7-2018-q2-update.win32_1.4.0.202007081208/tools/bin/../lib/gcc/arm-none-eabi/7.3.1/../../../../arm-none-eabi/lib/thumb/v7e-m/fpv5/hard\libc_nano.a(lib_a-impure.o)
 .ARM.attributes
                0x000000000000047e       0x32 c:/st/stm32cubeide_1.4.0/stm32cubeide/plugins/com.st.stm32cube.ide.mcu.externaltools.gnu-tools-for-stm32.7-2018-q2-update.win32_1.4.0.202007081208/tools/bin/../lib/gcc/arm-none-eabi/7.3.1/../../../../arm-none-eabi/lib/thumb/v7e-m/fpv5/hard\libc_nano.a(lib_a-init.o)
 .ARM.attributes
                0x00000000000004b0       0x32 c:/st/stm32cubeide_1.4.0/stm32cubeide/plugins/com.st.stm32cube.ide.mcu.externaltools.gnu-tools-for-stm32.7-2018-q2-update.win32_1.4.0.202007081208/tools/bin/../lib/gcc/arm-none-eabi/7.3.1/../../../../arm-none-eabi/lib/thumb/v7e-m/fpv5/hard\libc_nano.a(lib_a-memset.o)
 .ARM.attributes
                0x00000000000004e2       0x32 c:/st/stm32cubeide_1.4.0/stm32cubeide/plugins/com.st.stm32cube.ide.mcu.externaltools.gnu-tools-for-stm32.7-2018-q2-update.win32_1.4.0.202007081208/tools/bin/../lib/gcc/arm-none-eabi/7.3.1/../../../../arm-none-eabi/lib/thumb/v7e-m/fpv5/hard\libm.a(lib_a-s_sin.o)
 .ARM.attributes
                0x0000000000000514       0x32 c:/st/stm32cubeide_1.4.0/stm32cubeide/plugins/com.st.stm32cube.ide.mcu.externaltools.gnu-tools-for-stm32.7-2018-q2-update.win32_1.4.0.202007081208/tools/bin/../lib/gcc/arm-none-eabi/7.3.1/../../../../arm-none-eabi/lib/thumb/v7e-m/fpv5/hard\libm.a(lib_a-w_exp.o)
 .ARM.attributes
                0x0000000000000546       0x32 c:/st/stm32cubeide_1.4.0/stm32cubeide/plugins/com.st.stm32cube.ide.mcu.externaltools.gnu-tools-for-stm32.7-2018-q2-update.win32_1.4.0.202007081208/tools/bin/../lib/gcc/arm-none-eabi/7.3.1/../../../../arm-none-eabi/lib/thumb/v7e-m/fpv5/hard\libm.a(lib_a-w_log.o)
 .ARM.attributes
                0x0000000000000578       0x32 c:/st/stm32cubeide_1.4.0/stm32cubeide/plugins/com.st.stm32cube.ide.mcu.externaltools.gnu-tools-for-stm32.7-2018-q2-update.win32_1.4.0.202007081208/tools/bin/../lib/gcc/arm-none-eabi/7.3.1/../../../../arm-none-eabi/lib/thumb/v7e-m/fpv5/hard\libm.a(lib_a-w_pow.o)
 .ARM.attributes
                0x00000000000005aa       0x32 c:/st/stm32cubeide_1.4.0/stm32cubeide/plugins/com.st.stm32cube.ide.mcu.externaltools.gnu-tools-for-stm32.7-2018-q2-update.win32_1.4.0.202007081208/tools/bin/../lib/gcc/arm-none-eabi/7.3.1/../../../../arm-none-eabi/lib/thumb/v7e-m/fpv5/hard\libm.a(lib_a-e_exp.o)
 .ARM.attributes
                0x00000000000005dc       0x32 c:/st/stm32cubeide_1.4.0/stm32cubeide/plugins/com.st.stm32cube.ide.mcu.externaltools.gnu-tools-for-stm32.7-2018-q2-update.win32_1.4.0.202007081208/tools/bin/../lib/gcc/arm-none-eabi/7.3.1/../../../../arm-none-eabi/lib/thumb/v7e-m/fpv5/hard\libm.a(lib_a-e_log.o)
 .ARM.attributes
                0x000000000000060e       0x32 c:/st/stm32cubeide_1.4.0/stm32cubeide/plugins/com.st.stm32cube.ide.mcu.externaltools.gnu-tools-for-stm32.7-2018-q2-update.win32_1.4.0.202007081208/tools/bin/../lib/gcc/arm-none-eabi/7.3.1/../../../../arm-none-eabi/lib/thumb/v7e-m/fpv5/hard\libm.a(lib_a-e_pow.o)
 .ARM.attributes
                0x0000000000000640       0x32 c:/st/stm32cubeide_1.4.0/stm32cubeide/plugins/com.st.stm32cube.ide.mcu.externaltools.gnu-tools-for-stm32.7-2018-q2-update.win32_1.4.0.202007081208/tools/bin/../lib/gcc/arm-none-eabi/7.3.1/../../../../arm-none-eabi/lib/thumb/v7e-m/fpv5/hard\libm.a(lib_a-e_rem_pio2.o)
 .ARM.attributes
                0x0000000000000672       0x32 c:/st/stm32cubeide_1.4.0/stm32cubeide/plugins/com.st.stm32cube.ide.mcu.externaltools.gnu-tools-for-stm32.7-2018-q2-update.win32_1.4.0.202007081208/tools/bin/../lib/gcc/arm-none-eabi/7.3.1/../../../../arm-none-eabi/lib/thumb/v7e-m/fpv5/hard\libm.a(lib_a-e_sqrt.o)
 .ARM.attributes
                0x00000000000006a4       0x32 c:/st/stm32cubeide_1.4.0/stm32cubeide/plugins/com.st.stm32cube.ide.mcu.externaltools.gnu-tools-for-stm32.7-2018-q2-update.win32_1.4.0.202007081208/tools/bin/../lib/gcc/arm-none-eabi/7.3.1/../../../../arm-none-eabi/lib/thumb/v7e-m/fpv5/hard\libm.a(lib_a-k_cos.o)
 .ARM.attributes
                0x00000000000006d6       0x32 c:/st/stm32cubeide_1.4.0/stm32cubeide/plugins/com.st.stm32cube.ide.mcu.externaltools.gnu-tools-for-stm32.7-2018-q2-update.win32_1.4.0.202007081208/tools/bin/../lib/gcc/arm-none-eabi/7.3.1/../../../../arm-none-eabi/lib/thumb/v7e-m/fpv5/hard\libm.a(lib_a-k_rem_pio2.o)
 .ARM.attributes
                0x0000000000000708       0x32 c:/st/stm32cubeide_1.4.0/stm32cubeide/plugins/com.st.stm32cube.ide.mcu.externaltools.gnu-tools-for-stm32.7-2018-q2-update.win32_1.4.0.202007081208/tools/bin/../lib/gcc/arm-none-eabi/7.3.1/../../../../arm-none-eabi/lib/thumb/v7e-m/fpv5/hard\libm.a(lib_a-k_sin.o)
 .ARM.attributes
                0x000000000000073a       0x32 c:/st/stm32cubeide_1.4.0/stm32cubeide/plugins/com.st.stm32cube.ide.mcu.externaltools.gnu-tools-for-stm32.7-2018-q2-update.win32_1.4.0.202007081208/tools/bin/../lib/gcc/arm-none-eabi/7.3.1/../../../../arm-none-eabi/lib/thumb/v7e-m/fpv5/hard\libm.a(lib_a-s_fabs.o)
 .ARM.attributes
                0x000000000000076c       0x32 c:/st/stm32cubeide_1.4.0/stm32cubeide/plugins/com.st.stm32cube.ide.mcu.externaltools.gnu-tools-for-stm32.7-2018-q2-update.win32_1.4.0.202007081208/tools/bin/../lib/gcc/arm-none-eabi/7.3.1/../../../../arm-none-eabi/lib/thumb/v7e-m/fpv5/hard\libm.a(lib_a-s_finite.o)
 .ARM.attributes
                0x000000000000079e       0x32 c:/st/stm32cubeide_1.4.0/stm32cubeide/plugins/com.st.stm32cube.ide.mcu.externaltools.gnu-tools-for-stm32.7-2018-q2-update.win32_1.4.0.202007081208/tools/bin/../lib/gcc/arm-none-eabi/7.3.1/../../../../arm-none-eabi/lib/thumb/v7e-m/fpv5/hard\libm.a(lib_a-s_floor.o)
 .ARM.attributes
                0x00000000000007d0       0x32 c:/st/stm32cubeide_1.4.0/stm32cubeide/plugins/com.st.stm32cube.ide.mcu.externaltools.gnu-tools-for-stm32.7-2018-q2-update.win32_1.4.0.202007081208/tools/bin/../lib/gcc/arm-none-eabi/7.3.1/../../../../arm-none-eabi/lib/thumb/v7e-m/fpv5/hard\libm.a(lib_a-s_lib_ver.o)
 .ARM.attributes
                0x0000000000000802       0x32 c:/st/stm32cubeide_1.4.0/stm32cubeide/plugins/com.st.stm32cube.ide.mcu.externaltools.gnu-tools-for-stm32.7-2018-q2-update.win32_1.4.0.202007081208/tools/bin/../lib/gcc/arm-none-eabi/7.3.1/../../../../arm-none-eabi/lib/thumb/v7e-m/fpv5/hard\libm.a(lib_a-s_matherr.o)
 .ARM.attributes
                0x0000000000000834       0x32 c:/st/stm32cubeide_1.4.0/stm32cubeide/plugins/com.st.stm32cube.ide.mcu.externaltools.gnu-tools-for-stm32.7-2018-q2-update.win32_1.4.0.202007081208/tools/bin/../lib/gcc/arm-none-eabi/7.3.1/../../../../arm-none-eabi/lib/thumb/v7e-m/fpv5/hard\libm.a(lib_a-s_nan.o)
 .ARM.attributes
                0x0000000000000866       0x32 c:/st/stm32cubeide_1.4.0/stm32cubeide/plugins/com.st.stm32cube.ide.mcu.externaltools.gnu-tools-for-stm32.7-2018-q2-update.win32_1.4.0.202007081208/tools/bin/../lib/gcc/arm-none-eabi/7.3.1/../../../../arm-none-eabi/lib/thumb/v7e-m/fpv5/hard\libm.a(lib_a-s_rint.o)
 .ARM.attributes
                0x0000000000000898       0x32 c:/st/stm32cubeide_1.4.0/stm32cubeide/plugins/com.st.stm32cube.ide.mcu.externaltools.gnu-tools-for-stm32.7-2018-q2-update.win32_1.4.0.202007081208/tools/bin/../lib/gcc/arm-none-eabi/7.3.1/../../../../arm-none-eabi/lib/thumb/v7e-m/fpv5/hard\libm.a(lib_a-s_scalbn.o)
 .ARM.attributes
                0x00000000000008ca       0x32 c:/st/stm32cubeide_1.4.0/stm32cubeide/plugins/com.st.stm32cube.ide.mcu.externaltools.gnu-tools-for-stm32.7-2018-q2-update.win32_1.4.0.202007081208/tools/bin/../lib/gcc/arm-none-eabi/7.3.1/../../../../arm-none-eabi/lib/thumb/v7e-m/fpv5/hard\libm.a(lib_a-s_copysign.o)
 .ARM.attributes
                0x00000000000008fc       0x20 c:/st/stm32cubeide_1.4.0/stm32cubeide/plugins/com.st.stm32cube.ide.mcu.externaltools.gnu-tools-for-stm32.7-2018-q2-update.win32_1.4.0.202007081208/tools/bin/../lib/gcc/arm-none-eabi/7.3.1/thumb/v7e-m/fpv5/hard/crtn.o
OUTPUT(TraceGenerator.elf elf32-littlearm)

.debug_info     0x0000000000000000    0x18657
 .debug_info    0x0000000000000000     0x24a4 Core/Src/main.o
 .debug_info    0x00000000000024a4     0x1893 Core/Src/stm32h7xx_hal_msp.o
 .debug_info    0x0000000000003d37      0xb36 Core/Src/stm32h7xx_it.o
 .debug_info    0x000000000000486d     0x15e1 Core/Src/system_stm32h7xx.o
 .debug_info    0x0000000000005e4e       0x22 Core/Startup/startup_stm32h743vitx.o
 .debug_info    0x0000000000005e70     0x1e00 Drivers/STM32H7xx_HAL_Driver/Src/stm32h7xx_hal.o
 .debug_info    0x0000000000007c70     0x1a74 Drivers/STM32H7xx_HAL_Driver/Src/stm32h7xx_hal_cortex.o
 .debug_info    0x00000000000096e4     0x14a7 Drivers/STM32H7xx_HAL_Driver/Src/stm32h7xx_hal_dac.o
 .debug_info    0x000000000000ab8b     0x1640 Drivers/STM32H7xx_HAL_Driver/Src/stm32h7xx_hal_gpio.o
 .debug_info    0x000000000000c1cb     0x1915 Drivers/STM32H7xx_HAL_Driver/Src/stm32h7xx_hal_pwr_ex.o
 .debug_info    0x000000000000dae0     0x17a1 Drivers/STM32H7xx_HAL_Driver/Src/stm32h7xx_hal_rcc.o
 .debug_info    0x000000000000f281     0x1afb Drivers/STM32H7xx_HAL_Driver/Src/stm32h7xx_hal_rcc_ex.o
 .debug_info    0x0000000000010d7c     0x21bb Drivers/STM32H7xx_HAL_Driver/Src/stm32h7xx_hal_sd.o
 .debug_info    0x0000000000012f37     0x1b58 Drivers/STM32H7xx_HAL_Driver/Src/stm32h7xx_ll_sdmmc.o
 .debug_info    0x0000000000014a8f      0xea0 FATFS/App/fatfs.o
 .debug_info    0x000000000001592f     0x1160 FATFS/Target/bsp_driver_sd.o
 .debug_info    0x0000000000016a8f      0xe3a FATFS/Target/sd_diskio.o
 .debug_info    0x00000000000178c9      0xd8e Middlewares/Third_Party/FatFs/src/ff_gen_drv.o

.debug_abbrev   0x0000000000000000     0x2bb4
 .debug_abbrev  0x0000000000000000      0x2e1 Core/Src/main.o
 .debug_abbrev  0x00000000000002e1      0x235 Core/Src/stm32h7xx_hal_msp.o
 .debug_abbrev  0x0000000000000516      0x1c9 Core/Src/stm32h7xx_it.o
 .debug_abbrev  0x00000000000006df      0x22e Core/Src/system_stm32h7xx.o
 .debug_abbrev  0x000000000000090d       0x12 Core/Startup/startup_stm32h743vitx.o
 .debug_abbrev  0x000000000000091f      0x2d9 Drivers/STM32H7xx_HAL_Driver/Src/stm32h7xx_hal.o
 .debug_abbrev  0x0000000000000bf8      0x3b5 Drivers/STM32H7xx_HAL_Driver/Src/stm32h7xx_hal_cortex.o
 .debug_abbrev  0x0000000000000fad      0x259 Drivers/STM32H7xx_HAL_Driver/Src/stm32h7xx_hal_dac.o
 .debug_abbrev  0x0000000000001206      0x28f Drivers/STM32H7xx_HAL_Driver/Src/stm32h7xx_hal_gpio.o
 .debug_abbrev  0x0000000000001495      0x311 Drivers/STM32H7xx_HAL_Driver/Src/stm32h7xx_hal_pwr_ex.o
 .debug_abbrev  0x00000000000017a6      0x2e2 Drivers/STM32H7xx_HAL_Driver/Src/stm32h7xx_hal_rcc.o
 .debug_abbrev  0x0000000000001a88      0x2db Drivers/STM32H7xx_HAL_Driver/Src/stm32h7xx_hal_rcc_ex.o
 .debug_abbrev  0x0000000000001d63      0x2bf Drivers/STM32H7xx_HAL_Driver/Src/stm32h7xx_hal_sd.o
 .debug_abbrev  0x0000000000002022      0x286 Drivers/STM32H7xx_HAL_Driver/Src/stm32h7xx_ll_sdmmc.o
 .debug_abbrev  0x00000000000022a8      0x1fb FATFS/App/fatfs.o
 .debug_abbrev  0x00000000000024a3      0x2a9 FATFS/Target/bsp_driver_sd.o
 .debug_abbrev  0x000000000000274c      0x216 FATFS/Target/sd_diskio.o
 .debug_abbrev  0x0000000000002962      0x252 Middlewares/Third_Party/FatFs/src/ff_gen_drv.o

.debug_aranges  0x0000000000000000      0xc60
 .debug_aranges
                0x0000000000000000       0x48 Core/Src/main.o
 .debug_aranges
                0x0000000000000048       0x40 Core/Src/stm32h7xx_hal_msp.o
 .debug_aranges
                0x0000000000000088       0x60 Core/Src/stm32h7xx_it.o
 .debug_aranges
                0x00000000000000e8       0x28 Core/Src/system_stm32h7xx.o
 .debug_aranges
                0x0000000000000110       0x28 Core/Startup/startup_stm32h743vitx.o
 .debug_aranges
                0x0000000000000138      0x1b8 Drivers/STM32H7xx_HAL_Driver/Src/stm32h7xx_hal.o
 .debug_aranges
                0x00000000000002f0      0x120 Drivers/STM32H7xx_HAL_Driver/Src/stm32h7xx_hal_cortex.o
 .debug_aranges
                0x0000000000000410       0xc0 Drivers/STM32H7xx_HAL_Driver/Src/stm32h7xx_hal_dac.o
 .debug_aranges
                0x00000000000004d0       0x58 Drivers/STM32H7xx_HAL_Driver/Src/stm32h7xx_hal_gpio.o
 .debug_aranges
                0x0000000000000528      0x158 Drivers/STM32H7xx_HAL_Driver/Src/stm32h7xx_hal_pwr_ex.o
 .debug_aranges
                0x0000000000000680       0x88 Drivers/STM32H7xx_HAL_Driver/Src/stm32h7xx_hal_rcc.o
 .debug_aranges
                0x0000000000000708       0xf8 Drivers/STM32H7xx_HAL_Driver/Src/stm32h7xx_hal_rcc_ex.o
 .debug_aranges
                0x0000000000000800      0x188 Drivers/STM32H7xx_HAL_Driver/Src/stm32h7xx_hal_sd.o
 .debug_aranges
                0x0000000000000988      0x190 Drivers/STM32H7xx_HAL_Driver/Src/stm32h7xx_ll_sdmmc.o
 .debug_aranges
                0x0000000000000b18       0x28 FATFS/App/fatfs.o
 .debug_aranges
                0x0000000000000b40       0x98 FATFS/Target/bsp_driver_sd.o
 .debug_aranges
                0x0000000000000bd8       0x48 FATFS/Target/sd_diskio.o
 .debug_aranges
                0x0000000000000c20       0x40 Middlewares/Third_Party/FatFs/src/ff_gen_drv.o

.debug_ranges   0x0000000000000000      0xb48
 .debug_ranges  0x0000000000000000       0x38 Core/Src/main.o
 .debug_ranges  0x0000000000000038       0x30 Core/Src/stm32h7xx_hal_msp.o
 .debug_ranges  0x0000000000000068       0x50 Core/Src/stm32h7xx_it.o
 .debug_ranges  0x00000000000000b8       0x18 Core/Src/system_stm32h7xx.o
 .debug_ranges  0x00000000000000d0       0x20 Core/Startup/startup_stm32h743vitx.o
 .debug_ranges  0x00000000000000f0      0x1a8 Drivers/STM32H7xx_HAL_Driver/Src/stm32h7xx_hal.o
 .debug_ranges  0x0000000000000298      0x110 Drivers/STM32H7xx_HAL_Driver/Src/stm32h7xx_hal_cortex.o
 .debug_ranges  0x00000000000003a8       0xb0 Drivers/STM32H7xx_HAL_Driver/Src/stm32h7xx_hal_dac.o
 .debug_ranges  0x0000000000000458       0x48 Drivers/STM32H7xx_HAL_Driver/Src/stm32h7xx_hal_gpio.o
 .debug_ranges  0x00000000000004a0      0x148 Drivers/STM32H7xx_HAL_Driver/Src/stm32h7xx_hal_pwr_ex.o
 .debug_ranges  0x00000000000005e8       0x78 Drivers/STM32H7xx_HAL_Driver/Src/stm32h7xx_hal_rcc.o
 .debug_ranges  0x0000000000000660       0xe8 Drivers/STM32H7xx_HAL_Driver/Src/stm32h7xx_hal_rcc_ex.o
 .debug_ranges  0x0000000000000748      0x178 Drivers/STM32H7xx_HAL_Driver/Src/stm32h7xx_hal_sd.o
 .debug_ranges  0x00000000000008c0      0x180 Drivers/STM32H7xx_HAL_Driver/Src/stm32h7xx_ll_sdmmc.o
 .debug_ranges  0x0000000000000a40       0x18 FATFS/App/fatfs.o
 .debug_ranges  0x0000000000000a58       0x88 FATFS/Target/bsp_driver_sd.o
 .debug_ranges  0x0000000000000ae0       0x38 FATFS/Target/sd_diskio.o
 .debug_ranges  0x0000000000000b18       0x30 Middlewares/Third_Party/FatFs/src/ff_gen_drv.o

.debug_macro    0x0000000000000000    0x36624
 .debug_macro   0x0000000000000000      0x353 Core/Src/main.o
 .debug_macro   0x0000000000000353      0xa66 Core/Src/main.o
 .debug_macro   0x0000000000000db9      0x238 Core/Src/main.o
 .debug_macro   0x0000000000000ff1       0x2e Core/Src/main.o
 .debug_macro   0x000000000000101f       0x3b Core/Src/main.o
 .debug_macro   0x000000000000105a       0x22 Core/Src/main.o
 .debug_macro   0x000000000000107c       0x8e Core/Src/main.o
 .debug_macro   0x000000000000110a       0x51 Core/Src/main.o
 .debug_macro   0x000000000000115b       0xef Core/Src/main.o
 .debug_macro   0x000000000000124a       0x6a Core/Src/main.o
 .debug_macro   0x00000000000012b4      0x1df Core/Src/main.o
 .debug_macro   0x0000000000001493       0x1c Core/Src/main.o
 .debug_macro   0x00000000000014af       0x22 Core/Src/main.o
 .debug_macro   0x00000000000014d1       0xdf Core/Src/main.o
 .debug_macro   0x00000000000015b0     0x12cd Core/Src/main.o
 .debug_macro   0x000000000000287d      0x11f Core/Src/main.o
 .debug_macro   0x000000000000299c       0x19 Core/Src/main.o
 .debug_macro   0x00000000000029b5    0x2538b Core/Src/main.o
 .debug_macro   0x0000000000027d40       0x43 Core/Src/main.o
 .debug_macro   0x0000000000027d83     0x3cd3 Core/Src/main.o
 .debug_macro   0x000000000002ba56      0x174 Core/Src/main.o
 .debug_macro   0x000000000002bbca       0x46 Core/Src/main.o
 .debug_macro   0x000000000002bc10       0x17 Core/Src/main.o
 .debug_macro   0x000000000002bc27       0x3c Core/Src/main.o
 .debug_macro   0x000000000002bc63       0x34 Core/Src/main.o
 .debug_macro   0x000000000002bc97       0x52 Core/Src/main.o
 .debug_macro   0x000000000002bce9       0x1f Core/Src/main.o
 .debug_macro   0x000000000002bd08       0x43 Core/Src/main.o
 .debug_macro   0x000000000002bd4b       0x20 Core/Src/main.o
 .debug_macro   0x000000000002bd6b      0x1a3 Core/Src/main.o
 .debug_macro   0x000000000002bf0e      0x32a Core/Src/main.o
 .debug_macro   0x000000000002c238      0x1e1 Core/Src/main.o
 .debug_macro   0x000000000002c419       0x54 Core/Src/main.o
 .debug_macro   0x000000000002c46d     0x2382 Core/Src/main.o
 .debug_macro   0x000000000002e7ef     0x1009 Core/Src/main.o
 .debug_macro   0x000000000002f7f8      0x138 Core/Src/main.o
 .debug_macro   0x000000000002f930      0x117 Core/Src/main.o
 .debug_macro   0x000000000002fa47      0x3b2 Core/Src/main.o
 .debug_macro   0x000000000002fdf9       0x27 Core/Src/main.o
 .debug_macro   0x000000000002fe20      0x72d Core/Src/main.o
 .debug_macro   0x000000000003054d      0x229 Core/Src/main.o
 .debug_macro   0x0000000000030776       0x66 Core/Src/main.o
 .debug_macro   0x00000000000307dc      0x3bb Core/Src/main.o
 .debug_macro   0x0000000000030b97      0x3e5 Core/Src/main.o
 .debug_macro   0x0000000000030f7c      0x275 Core/Src/main.o
 .debug_macro   0x00000000000311f1      0x184 Core/Src/main.o
 .debug_macro   0x0000000000031375       0xd8 Core/Src/main.o
 .debug_macro   0x000000000003144d      0x3cb Core/Src/main.o
 .debug_macro   0x0000000000031818      0x41d Core/Src/main.o
 .debug_macro   0x0000000000031c35       0x51 Core/Src/main.o
 .debug_macro   0x0000000000031c86       0x4a Core/Src/main.o
 .debug_macro   0x0000000000031cd0      0x22c Core/Src/main.o
 .debug_macro   0x0000000000031efc       0x64 Core/Src/main.o
 .debug_macro   0x0000000000031f60       0xa5 Core/Src/main.o
 .debug_macro   0x0000000000032005      0x1c5 Core/Src/main.o
 .debug_macro   0x00000000000321ca      0x25f Core/Src/main.o
 .debug_macro   0x0000000000032429       0x35 Core/Src/main.o
 .debug_macro   0x000000000003245e      0x814 Core/Src/main.o
 .debug_macro   0x0000000000032c72       0x16 Core/Src/main.o
 .debug_macro   0x0000000000032c88      0x1ce Core/Src/main.o
 .debug_macro   0x0000000000032e56      0x5a0 Core/Src/main.o
 .debug_macro   0x00000000000333f6       0x46 Core/Src/main.o
 .debug_macro   0x000000000003343c       0xe5 Core/Src/main.o
 .debug_macro   0x0000000000033521       0x16 Core/Src/main.o
 .debug_macro   0x0000000000033537       0x35 Core/Src/main.o
 .debug_macro   0x000000000003356c       0x16 Core/Src/main.o
 .debug_macro   0x0000000000033582       0x29 Core/Src/main.o
 .debug_macro   0x00000000000335ab       0x12 Core/Src/main.o
 .debug_macro   0x00000000000335bd       0xe2 Core/Src/main.o
 .debug_macro   0x000000000003369f       0x8e Core/Src/main.o
 .debug_macro   0x000000000003372d      0x2bd Core/Src/stm32h7xx_hal_msp.o
 .debug_macro   0x00000000000339ea      0x2c7 Core/Src/stm32h7xx_it.o
 .debug_macro   0x0000000000033cb1      0x2b9 Core/Src/system_stm32h7xx.o
 .debug_macro   0x0000000000033f6a      0x2dd Drivers/STM32H7xx_HAL_Driver/Src/stm32h7xx_hal.o
 .debug_macro   0x0000000000034247      0x2b3 Drivers/STM32H7xx_HAL_Driver/Src/stm32h7xx_hal_cortex.o
 .debug_macro   0x00000000000344fa      0x2bb Drivers/STM32H7xx_HAL_Driver/Src/stm32h7xx_hal_dac.o
 .debug_macro   0x00000000000347b5      0x2ef Drivers/STM32H7xx_HAL_Driver/Src/stm32h7xx_hal_gpio.o
 .debug_macro   0x0000000000034aa4      0x2ec Drivers/STM32H7xx_HAL_Driver/Src/stm32h7xx_hal_pwr_ex.o
 .debug_macro   0x0000000000034d90      0x2d7 Drivers/STM32H7xx_HAL_Driver/Src/stm32h7xx_hal_rcc.o
 .debug_macro   0x0000000000035067      0x2d1 Drivers/STM32H7xx_HAL_Driver/Src/stm32h7xx_hal_rcc_ex.o
 .debug_macro   0x0000000000035338      0x2bb Drivers/STM32H7xx_HAL_Driver/Src/stm32h7xx_hal_sd.o
 .debug_macro   0x00000000000355f3      0x2b4 Drivers/STM32H7xx_HAL_Driver/Src/stm32h7xx_ll_sdmmc.o
 .debug_macro   0x00000000000358a7      0x353 FATFS/App/fatfs.o
 .debug_macro   0x0000000000035bfa      0x2c2 FATFS/Target/bsp_driver_sd.o
 .debug_macro   0x0000000000035ebc       0x40 FATFS/Target/bsp_driver_sd.o
 .debug_macro   0x0000000000035efc      0x356 FATFS/Target/sd_diskio.o
 .debug_macro   0x0000000000036252       0x16 FATFS/Target/sd_diskio.o
 .debug_macro   0x0000000000036268       0x7c FATFS/Target/sd_diskio.o
 .debug_macro   0x00000000000362e4      0x340 Middlewares/Third_Party/FatFs/src/ff_gen_drv.o

.debug_line     0x0000000000000000     0xc0ca
 .debug_line    0x0000000000000000      0xa6c Core/Src/main.o
 .debug_line    0x0000000000000a6c      0x8e0 Core/Src/stm32h7xx_hal_msp.o
 .debug_line    0x000000000000134c      0x91d Core/Src/stm32h7xx_it.o
 .debug_line    0x0000000000001c69      0x8c4 Core/Src/system_stm32h7xx.o
 .debug_line    0x000000000000252d       0x87 Core/Startup/startup_stm32h743vitx.o
 .debug_line    0x00000000000025b4      0xc76 Drivers/STM32H7xx_HAL_Driver/Src/stm32h7xx_hal.o
 .debug_line    0x000000000000322a      0xbb5 Drivers/STM32H7xx_HAL_Driver/Src/stm32h7xx_hal_cortex.o
 .debug_line    0x0000000000003ddf      0xad6 Drivers/STM32H7xx_HAL_Driver/Src/stm32h7xx_hal_dac.o
 .debug_line    0x00000000000048b5      0xa70 Drivers/STM32H7xx_HAL_Driver/Src/stm32h7xx_hal_gpio.o
 .debug_line    0x0000000000005325      0xc52 Drivers/STM32H7xx_HAL_Driver/Src/stm32h7xx_hal_pwr_ex.o
 .debug_line    0x0000000000005f77      0xc58 Drivers/STM32H7xx_HAL_Driver/Src/stm32h7xx_hal_rcc.o
 .debug_line    0x0000000000006bcf      0xeb6 Drivers/STM32H7xx_HAL_Driver/Src/stm32h7xx_hal_rcc_ex.o
 .debug_line    0x0000000000007a85     0x12e1 Drivers/STM32H7xx_HAL_Driver/Src/stm32h7xx_hal_sd.o
 .debug_line    0x0000000000008d66      0xd69 Drivers/STM32H7xx_HAL_Driver/Src/stm32h7xx_ll_sdmmc.o
 .debug_line    0x0000000000009acf      0x940 FATFS/App/fatfs.o
 .debug_line    0x000000000000a40f      0x9a2 FATFS/Target/bsp_driver_sd.o
 .debug_line    0x000000000000adb1      0x9af FATFS/Target/sd_diskio.o
 .debug_line    0x000000000000b760      0x96a Middlewares/Third_Party/FatFs/src/ff_gen_drv.o

.debug_str      0x0000000000000000   0x1547e3
 .debug_str     0x0000000000000000   0x150df2 Core/Src/main.o
                                     0x15142c (size before relaxing)
 .debug_str     0x0000000000150df2       0x73 Core/Src/stm32h7xx_hal_msp.o
                                     0x15037a (size before relaxing)
 .debug_str     0x0000000000150e65       0xbd Core/Src/stm32h7xx_it.o
                                     0x14fab3 (size before relaxing)
 .debug_str     0x0000000000150f22      0x332 Core/Src/system_stm32h7xx.o
                                     0x14ff5b (size before relaxing)
 .debug_str     0x0000000000151254       0x36 Core/Startup/startup_stm32h743vitx.o
                                         0x67 (size before relaxing)
 .debug_str     0x000000000015128a      0xf72 Drivers/STM32H7xx_HAL_Driver/Src/stm32h7xx_hal.o
                                     0x150de8 (size before relaxing)
 .debug_str     0x00000000001521fc      0x3a8 Drivers/STM32H7xx_HAL_Driver/Src/stm32h7xx_hal_cortex.o
                                     0x150873 (size before relaxing)
 .debug_str     0x00000000001525a4      0x1f1 Drivers/STM32H7xx_HAL_Driver/Src/stm32h7xx_hal_dac.o
                                     0x150155 (size before relaxing)
 .debug_str     0x0000000000152795      0x204 Drivers/STM32H7xx_HAL_Driver/Src/stm32h7xx_hal_gpio.o
                                     0x15000b (size before relaxing)
 .debug_str     0x0000000000152999      0x638 Drivers/STM32H7xx_HAL_Driver/Src/stm32h7xx_hal_pwr_ex.o
                                     0x1503bf (size before relaxing)
 .debug_str     0x0000000000152fd1      0x26c Drivers/STM32H7xx_HAL_Driver/Src/stm32h7xx_hal_rcc.o
                                     0x15029a (size before relaxing)
 .debug_str     0x000000000015323d      0x66f Drivers/STM32H7xx_HAL_Driver/Src/stm32h7xx_hal_rcc_ex.o
                                     0x15074c (size before relaxing)
 .debug_str     0x00000000001538ac      0x7ac Drivers/STM32H7xx_HAL_Driver/Src/stm32h7xx_hal_sd.o
                                     0x15063b (size before relaxing)
 .debug_str     0x0000000000154058      0x49d Drivers/STM32H7xx_HAL_Driver/Src/stm32h7xx_ll_sdmmc.o
                                     0x1500ab (size before relaxing)
 .debug_str     0x00000000001544f5       0x2f FATFS/App/fatfs.o
                                     0x150454 (size before relaxing)
 .debug_str     0x0000000000154524      0x154 FATFS/Target/bsp_driver_sd.o
                                     0x14ffd3 (size before relaxing)
 .debug_str     0x0000000000154678       0xa0 FATFS/Target/sd_diskio.o
                                     0x15044b (size before relaxing)
 .debug_str     0x0000000000154718       0xcb Middlewares/Third_Party/FatFs/src/ff_gen_drv.o
                                     0x1503d1 (size before relaxing)

.comment        0x0000000000000000       0x7b
 .comment       0x0000000000000000       0x7b Core/Src/main.o
                                         0x7c (size before relaxing)
 .comment       0x000000000000007b       0x7c Core/Src/stm32h7xx_hal_msp.o
 .comment       0x000000000000007b       0x7c Core/Src/stm32h7xx_it.o
 .comment       0x000000000000007b       0x7c Core/Src/system_stm32h7xx.o
 .comment       0x000000000000007b       0x7c Drivers/STM32H7xx_HAL_Driver/Src/stm32h7xx_hal.o
 .comment       0x000000000000007b       0x7c Drivers/STM32H7xx_HAL_Driver/Src/stm32h7xx_hal_cortex.o
 .comment       0x000000000000007b       0x7c Drivers/STM32H7xx_HAL_Driver/Src/stm32h7xx_hal_dac.o
 .comment       0x000000000000007b       0x7c Drivers/STM32H7xx_HAL_Driver/Src/stm32h7xx_hal_gpio.o
 .comment       0x000000000000007b       0x7c Drivers/STM32H7xx_HAL_Driver/Src/stm32h7xx_hal_pwr_ex.o
 .comment       0x000000000000007b       0x7c Drivers/STM32H7xx_HAL_Driver/Src/stm32h7xx_hal_rcc.o
 .comment       0x000000000000007b       0x7c Drivers/STM32H7xx_HAL_Driver/Src/stm32h7xx_hal_rcc_ex.o
 .comment       0x000000000000007b       0x7c Drivers/STM32H7xx_HAL_Driver/Src/stm32h7xx_hal_sd.o
 .comment       0x000000000000007b       0x7c Drivers/STM32H7xx_HAL_Driver/Src/stm32h7xx_ll_sdmmc.o
 .comment       0x000000000000007b       0x7c FATFS/App/fatfs.o
 .comment       0x000000000000007b       0x7c FATFS/Target/bsp_driver_sd.o
 .comment       0x000000000000007b       0x7c FATFS/Target/sd_diskio.o
 .comment       0x000000000000007b       0x7c Middlewares/Third_Party/FatFs/src/ff_gen_drv.o

.debug_frame    0x0000000000000000     0x35ac
 .debug_frame   0x0000000000000000       0xf0 Core/Src/main.o
 .debug_frame   0x00000000000000f0       0xc8 Core/Src/stm32h7xx_hal_msp.o
 .debug_frame   0x00000000000001b8      0x10c Core/Src/stm32h7xx_it.o
 .debug_frame   0x00000000000002c4       0x58 Core/Src/system_stm32h7xx.o
 .debug_frame   0x000000000000031c      0x710 Drivers/STM32H7xx_HAL_Driver/Src/stm32h7xx_hal.o
 .debug_frame   0x0000000000000a2c      0x4b8 Drivers/STM32H7xx_HAL_Driver/Src/stm32h7xx_hal_cortex.o
 .debug_frame   0x0000000000000ee4      0x338 Drivers/STM32H7xx_HAL_Driver/Src/stm32h7xx_hal_dac.o
 .debug_frame   0x000000000000121c      0x14c Drivers/STM32H7xx_HAL_Driver/Src/stm32h7xx_hal_gpio.o
 .debug_frame   0x0000000000001368      0x580 Drivers/STM32H7xx_HAL_Driver/Src/stm32h7xx_hal_pwr_ex.o
 .debug_frame   0x00000000000018e8      0x1f8 Drivers/STM32H7xx_HAL_Driver/Src/stm32h7xx_hal_rcc.o
 .debug_frame   0x0000000000001ae0      0x3f4 Drivers/STM32H7xx_HAL_Driver/Src/stm32h7xx_hal_rcc_ex.o
 .debug_frame   0x0000000000001ed4      0x6fc Drivers/STM32H7xx_HAL_Driver/Src/stm32h7xx_hal_sd.o
 .debug_frame   0x00000000000025d0      0x6f8 Drivers/STM32H7xx_HAL_Driver/Src/stm32h7xx_ll_sdmmc.o
 .debug_frame   0x0000000000002cc8       0x4c FATFS/App/fatfs.o
 .debug_frame   0x0000000000002d14      0x23c FATFS/Target/bsp_driver_sd.o
 .debug_frame   0x0000000000002f50       0xe8 FATFS/Target/sd_diskio.o
 .debug_frame   0x0000000000003038       0xc8 Middlewares/Third_Party/FatFs/src/ff_gen_drv.o
 .debug_frame   0x0000000000003100       0x20 c:/st/stm32cubeide_1.4.0/stm32cubeide/plugins/com.st.stm32cube.ide.mcu.externaltools.gnu-tools-for-stm32.7-2018-q2-update.win32_1.4.0.202007081208/tools/bin/../lib/gcc/arm-none-eabi/7.3.1/../../../../arm-none-eabi/lib/thumb/v7e-m/fpv5/hard\libc_nano.a(lib_a-errno.o)
 .debug_frame   0x0000000000003120       0x2c c:/st/stm32cubeide_1.4.0/stm32cubeide/plugins/com.st.stm32cube.ide.mcu.externaltools.gnu-tools-for-stm32.7-2018-q2-update.win32_1.4.0.202007081208/tools/bin/../lib/gcc/arm-none-eabi/7.3.1/../../../../arm-none-eabi/lib/thumb/v7e-m/fpv5/hard\libc_nano.a(lib_a-init.o)
 .debug_frame   0x000000000000314c       0x20 c:/st/stm32cubeide_1.4.0/stm32cubeide/plugins/com.st.stm32cube.ide.mcu.externaltools.gnu-tools-for-stm32.7-2018-q2-update.win32_1.4.0.202007081208/tools/bin/../lib/gcc/arm-none-eabi/7.3.1/../../../../arm-none-eabi/lib/thumb/v7e-m/fpv5/hard\libc_nano.a(lib_a-memset.o)
 .debug_frame   0x000000000000316c       0x2c c:/st/stm32cubeide_1.4.0/stm32cubeide/plugins/com.st.stm32cube.ide.mcu.externaltools.gnu-tools-for-stm32.7-2018-q2-update.win32_1.4.0.202007081208/tools/bin/../lib/gcc/arm-none-eabi/7.3.1/../../../../arm-none-eabi/lib/thumb/v7e-m/fpv5/hard\libm.a(lib_a-s_sin.o)