main.c:103:6:Ok_Mess	16	static
main.c:109:6:Start_Symbol	16	static
main.c:115:6:Stop_Symbol	16	static
main.c:121:6:ADC_Trigger_Mod	8	static
main.c:140:6:ADC_Stream_Mod	8	static
main.c:150:6:ADC_Trace_Mod	8	static
main.c:172:6:Send_data_mode	16	static
main.c:180:6:DAC_Write	24	static
main.c:198:5:main	8	static
main.c:275:6:SystemClock_Config	88	static
main.c:322:13:MX_ADC1_Init	24	static
main.c:367:13:MX_SPI1_Init	8	static
main.c:403:13:MX_DMA_Init	16	static
main.c:421:13:MX_GPIO_Init	40	static
main.c:474:6:CDC_ReciveCallBack	24	static
main.c:490:6:HAL_GPIO_EXTI_Callback	16	static,ignoring_inline_asm
main.c:503:7:HAL_ADC_ConvCpltCallback	16	static
main.c:541:6:HAL_ADC_ConvHalfCpltCallback	16	static
main.c:583:6:Error_Handler	4	static
